Archive member included to satisfy reference by file (symbol)

c:/program files (x86)/atmel/studio/7.0/toolchain/arm/arm-gnu-toolchain/bin/../lib/gcc/arm-none-eabi/6.2.1/../../../../arm-none-eabi/lib/thumb/v6-m\libm.a(lib_a-s_round.o)
                              src/main.o (round)
c:/program files (x86)/atmel/studio/7.0/toolchain/arm/arm-gnu-toolchain/bin/../lib/gcc/arm-none-eabi/6.2.1/thumb/v6-m\libgcc.a(_udivsi3.o)
                              src/ASF/sam0/drivers/system/clock/clock_saml21/clock.o (__aeabi_uidiv)
c:/program files (x86)/atmel/studio/7.0/toolchain/arm/arm-gnu-toolchain/bin/../lib/gcc/arm-none-eabi/6.2.1/thumb/v6-m\libgcc.a(_dvmd_tls.o)
                              c:/program files (x86)/atmel/studio/7.0/toolchain/arm/arm-gnu-toolchain/bin/../lib/gcc/arm-none-eabi/6.2.1/thumb/v6-m\libgcc.a(_udivsi3.o) (__aeabi_idiv0)
c:/program files (x86)/atmel/studio/7.0/toolchain/arm/arm-gnu-toolchain/bin/../lib/gcc/arm-none-eabi/6.2.1/thumb/v6-m\libgcc.a(_muldi3.o)
                              src/ASF/sam0/drivers/sercom/sercom.o (__aeabi_lmul)
c:/program files (x86)/atmel/studio/7.0/toolchain/arm/arm-gnu-toolchain/bin/../lib/gcc/arm-none-eabi/6.2.1/thumb/v6-m\libgcc.a(_fixunssfsi.o)
                              src/main.o (__aeabi_f2uiz)
c:/program files (x86)/atmel/studio/7.0/toolchain/arm/arm-gnu-toolchain/bin/../lib/gcc/arm-none-eabi/6.2.1/thumb/v6-m\libgcc.a(_fixunsdfsi.o)
                              src/main.o (__aeabi_d2uiz)
c:/program files (x86)/atmel/studio/7.0/toolchain/arm/arm-gnu-toolchain/bin/../lib/gcc/arm-none-eabi/6.2.1/thumb/v6-m\libgcc.a(mulsf3.o)
                              src/main.o (__aeabi_fmul)
c:/program files (x86)/atmel/studio/7.0/toolchain/arm/arm-gnu-toolchain/bin/../lib/gcc/arm-none-eabi/6.2.1/thumb/v6-m\libgcc.a(subsf3.o)
                              c:/program files (x86)/atmel/studio/7.0/toolchain/arm/arm-gnu-toolchain/bin/../lib/gcc/arm-none-eabi/6.2.1/thumb/v6-m\libgcc.a(_fixunssfsi.o) (__aeabi_fsub)
c:/program files (x86)/atmel/studio/7.0/toolchain/arm/arm-gnu-toolchain/bin/../lib/gcc/arm-none-eabi/6.2.1/thumb/v6-m\libgcc.a(fixsfsi.o)
                              c:/program files (x86)/atmel/studio/7.0/toolchain/arm/arm-gnu-toolchain/bin/../lib/gcc/arm-none-eabi/6.2.1/thumb/v6-m\libgcc.a(_fixunssfsi.o) (__aeabi_f2iz)
c:/program files (x86)/atmel/studio/7.0/toolchain/arm/arm-gnu-toolchain/bin/../lib/gcc/arm-none-eabi/6.2.1/thumb/v6-m\libgcc.a(floatsisf.o)
                              src/main.o (__aeabi_i2f)
c:/program files (x86)/atmel/studio/7.0/toolchain/arm/arm-gnu-toolchain/bin/../lib/gcc/arm-none-eabi/6.2.1/thumb/v6-m\libgcc.a(adddf3.o)
                              c:/program files (x86)/atmel/studio/7.0/toolchain/arm/arm-gnu-toolchain/bin/../lib/gcc/arm-none-eabi/6.2.1/../../../../arm-none-eabi/lib/thumb/v6-m\libm.a(lib_a-s_round.o) (__aeabi_dadd)
c:/program files (x86)/atmel/studio/7.0/toolchain/arm/arm-gnu-toolchain/bin/../lib/gcc/arm-none-eabi/6.2.1/thumb/v6-m\libgcc.a(divdf3.o)
                              src/main.o (__aeabi_ddiv)
c:/program files (x86)/atmel/studio/7.0/toolchain/arm/arm-gnu-toolchain/bin/../lib/gcc/arm-none-eabi/6.2.1/thumb/v6-m\libgcc.a(muldf3.o)
                              src/main.o (__aeabi_dmul)
c:/program files (x86)/atmel/studio/7.0/toolchain/arm/arm-gnu-toolchain/bin/../lib/gcc/arm-none-eabi/6.2.1/thumb/v6-m\libgcc.a(subdf3.o)
                              c:/program files (x86)/atmel/studio/7.0/toolchain/arm/arm-gnu-toolchain/bin/../lib/gcc/arm-none-eabi/6.2.1/thumb/v6-m\libgcc.a(_fixunsdfsi.o) (__aeabi_dsub)
c:/program files (x86)/atmel/studio/7.0/toolchain/arm/arm-gnu-toolchain/bin/../lib/gcc/arm-none-eabi/6.2.1/thumb/v6-m\libgcc.a(fixdfsi.o)
                              c:/program files (x86)/atmel/studio/7.0/toolchain/arm/arm-gnu-toolchain/bin/../lib/gcc/arm-none-eabi/6.2.1/thumb/v6-m\libgcc.a(_fixunsdfsi.o) (__aeabi_d2iz)
c:/program files (x86)/atmel/studio/7.0/toolchain/arm/arm-gnu-toolchain/bin/../lib/gcc/arm-none-eabi/6.2.1/thumb/v6-m\libgcc.a(floatsidf.o)
                              src/main.o (__aeabi_i2d)
c:/program files (x86)/atmel/studio/7.0/toolchain/arm/arm-gnu-toolchain/bin/../lib/gcc/arm-none-eabi/6.2.1/thumb/v6-m\libgcc.a(floatunsidf.o)
                              src/main.o (__aeabi_ui2d)
c:/program files (x86)/atmel/studio/7.0/toolchain/arm/arm-gnu-toolchain/bin/../lib/gcc/arm-none-eabi/6.2.1/thumb/v6-m\libgcc.a(_arm_cmpdf2.o)
                              c:/program files (x86)/atmel/studio/7.0/toolchain/arm/arm-gnu-toolchain/bin/../lib/gcc/arm-none-eabi/6.2.1/thumb/v6-m\libgcc.a(_fixunsdfsi.o) (__aeabi_dcmpge)
c:/program files (x86)/atmel/studio/7.0/toolchain/arm/arm-gnu-toolchain/bin/../lib/gcc/arm-none-eabi/6.2.1/thumb/v6-m\libgcc.a(_arm_cmpsf2.o)
                              c:/program files (x86)/atmel/studio/7.0/toolchain/arm/arm-gnu-toolchain/bin/../lib/gcc/arm-none-eabi/6.2.1/thumb/v6-m\libgcc.a(_fixunssfsi.o) (__aeabi_fcmpge)
[...]
Memory Configuration

Name             Origin             Length             Attributes
rom              0x00000000         0x00040000         xr
ram              0x20000000         0x00008000         xrw
lpram            0x30000000         0x00002000         xrw
*default*        0x00000000         0xffffffff

Linker script and memory map

LOAD c:/program files (x86)/atmel/studio/7.0/toolchain/arm/arm-gnu-toolchain/bin/../lib/gcc/arm-none-eabi/6.2.1/thumb/v6-m/crti.o
LOAD c:/program files (x86)/atmel/studio/7.0/toolchain/arm/arm-gnu-toolchain/bin/../lib/gcc/arm-none-eabi/6.2.1/thumb/v6-m/crtbegin.o
LOAD c:/program files (x86)/atmel/studio/7.0/toolchain/arm/arm-gnu-toolchain/bin/../lib/gcc/arm-none-eabi/6.2.1/../../../../arm-none-eabi/lib/thumb/v6-m/crt0.o
LOAD src/ASF/sam0/drivers/adc/adc_sam_l_c/adc.o
LOAD src/ASF/sam0/drivers/adc/adc_sam_l_c/adc_callback.o
LOAD src/ASF/sam0/drivers/dac/dac_sam_l/dac.o
LOAD src/ASF/sam0/drivers/dac/dac_sam_l/dac_callback.o
LOAD src/ASF/sam0/drivers/sercom/i2c/i2c_sam0/i2c_slave.o
LOAD src/ASF/sam0/drivers/sercom/i2c/i2c_sam0/i2c_slave_interrupt.o
LOAD src/ASF/sam0/drivers/sercom/sercom.o
LOAD src/ASF/sam0/drivers/sercom/sercom_interrupt.o
LOAD src/ASF/common/utils/interrupt/interrupt_sam_nvic.o
LOAD src/ASF/sam0/boards/saml21_xplained_pro/board_init.o
LOAD src/ASF/sam0/drivers/port/port.o
LOAD src/ASF/sam0/drivers/system/clock/clock_saml21/clock.o
LOAD src/ASF/sam0/drivers/system/clock/clock_saml21/gclk.o
LOAD src/ASF/sam0/drivers/system/interrupt/system_interrupt.o
LOAD src/ASF/sam0/drivers/system/pinmux/pinmux.o
LOAD src/ASF/sam0/drivers/system/system.o
LOAD src/ASF/sam0/drivers/tcc/tcc.o
LOAD src/ASF/sam0/drivers/tcc/tcc_callback.o
LOAD src/ASF/sam0/drivers/tc/tc_interrupt.o
LOAD src/ASF/sam0/drivers/tc/tc_sam_l_c/tc.o
LOAD src/ASF/sam0/utils/cmsis/saml21/source/gcc/startup_saml21.o
LOAD src/ASF/sam0/utils/cmsis/saml21/source/system_saml21.o
LOAD src/ASF/sam0/utils/syscalls/gcc/syscalls.o
LOAD src/main.o
START GROUP
LOAD ../src/ASF/thirdparty/CMSIS/Lib/GCC\libarm_cortexM0l_math.a
LOAD c:/program files (x86)/atmel/studio/7.0/toolchain/arm/arm-gnu-toolchain/bin/../lib/gcc/arm-none-eabi/6.2.1/../../../../arm-none-eabi/lib/thumb/v6-m\libm.a
END GROUP
START GROUP
LOAD c:/program files (x86)/atmel/studio/7.0/toolchain/arm/arm-gnu-toolchain/bin/../lib/gcc/arm-none-eabi/6.2.1/thumb/v6-m\libgcc.a
LOAD c:/program files (x86)/atmel/studio/7.0/toolchain/arm/arm-gnu-toolchain/bin/../lib/gcc/arm-none-eabi/6.2.1/../../../../arm-none-eabi/lib/thumb/v6-m\libc_nano.a
END GROUP
START GROUP
LOAD c:/program files (x86)/atmel/studio/7.0/toolchain/arm/arm-gnu-toolchain/bin/../lib/gcc/arm-none-eabi/6.2.1/thumb/v6-m\libgcc.a
LOAD c:/program files (x86)/atmel/studio/7.0/toolchain/arm/arm-gnu-toolchain/bin/../lib/gcc/arm-none-eabi/6.2.1/../../../../arm-none-eabi/lib/thumb/v6-m\libc_nano.a
END GROUP
LOAD c:/program files (x86)/atmel/studio/7.0/toolchain/arm/arm-gnu-toolchain/bin/../lib/gcc/arm-none-eabi/6.2.1/thumb/v6-m/crtend.o
LOAD c:/program files (x86)/atmel/studio/7.0/toolchain/arm/arm-gnu-toolchain/bin/../lib/gcc/arm-none-eabi/6.2.1/thumb/v6-m/crtn.o
                0x00002000                STACK_SIZE = DEFINED (STACK_SIZE)?STACK_SIZE:DEFINED (__stack_size__)?__stack_size__:0x2000

.text           0x00000000     0x5950
                0x00000000                . = ALIGN (0x4)
                0x00000000                _sfixed = .
 *(.vectors .vectors.*)
 .vectors       0x00000000       0xb4 src/ASF/sam0/utils/cmsis/saml21/source/gcc/startup_saml21.o
                0x00000000                exception_table
 *(.text .text.* .gnu.linkonce.t.*)
 .text          0x000000b4       0x60 c:/program files (x86)/atmel/studio/7.0/toolchain/arm/arm-gnu-toolchain/bin/../lib/gcc/arm-none-eabi/6.2.1/thumb/v6-m/crtbegin.o
 .text._adc_get_inst_index
                0x00000114        0x4 src/ASF/sam0/drivers/adc/adc_sam_l_c/adc.o
                0x00000114                _adc_get_inst_index
 .text.adc_get_config_defaults
                0x00000118       0x44 src/ASF/sam0/drivers/adc/adc_sam_l_c/adc.o
                0x00000118                adc_get_config_defaults
 .text.adc_init
                0x0000015c      0x3e8 src/ASF/sam0/drivers/adc/adc_sam_l_c/adc.o
                0x0000015c                adc_init
 .text.ADC_Handler
                0x00000544       0xc0 src/ASF/sam0/drivers/adc/adc_sam_l_c/adc_callback.o
                0x00000544                ADC_Handler
 .text.dac_is_syncing
                0x00000604        0xc src/ASF/sam0/drivers/dac/dac_sam_l/dac.o
                0x00000604                dac_is_syncing
 .text.dac_get_config_defaults
                0x00000610        0xc src/ASF/sam0/drivers/dac/dac_sam_l/dac.o
                0x00000610                dac_get_config_defaults
 .text.dac_init
                0x0000061c       0x74 src/ASF/sam0/drivers/dac/dac_sam_l/dac.o
                0x0000061c                dac_init
 .text.dac_enable
                0x00000690       0x54 src/ASF/sam0/drivers/dac/dac_sam_l/dac.o
                0x00000690                dac_enable
 .text.dac_chan_get_config_defaults
                0x000006e4       0x12 src/ASF/sam0/drivers/dac/dac_sam_l/dac.o
                0x000006e4                dac_chan_get_config_defaults
 *fill*         0x000006f6        0x2 
 .text.dac_chan_set_config
                0x000006f8       0x74 src/ASF/sam0/drivers/dac/dac_sam_l/dac.o
                0x000006f8                dac_chan_set_config
 .text.dac_chan_enable
                0x0000076c       0x10 src/ASF/sam0/drivers/dac/dac_sam_l/dac.o
                0x0000076c                dac_chan_enable
 .text.dac_chan_write
                0x0000077c       0x40 src/ASF/sam0/drivers/dac/dac_sam_l/dac.o
                0x0000077c                dac_chan_write
 .text.DAC_Handler
                0x000007bc      0x170 src/ASF/sam0/drivers/dac/dac_sam_l/dac_callback.o
                0x000007bc                DAC_Handler
 .text.i2c_slave_init
                0x0000092c      0x18c src/ASF/sam0/drivers/sercom/i2c/i2c_sam0/i2c_slave.o
                0x0000092c                i2c_slave_init
 .text.i2c_slave_register_callback
                0x00000ab8       0x1a src/ASF/sam0/drivers/sercom/i2c/i2c_sam0/i2c_slave_interrupt.o
                0x00000ab8                i2c_slave_register_callback
 .text.i2c_slave_read_packet_job
                0x00000ad2       0x28 src/ASF/sam0/drivers/sercom/i2c/i2c_sam0/i2c_slave_interrupt.o
                0x00000ad2                i2c_slave_read_packet_job
 .text.i2c_slave_write_packet_job
                0x00000afa       0x28 src/ASF/sam0/drivers/sercom/i2c/i2c_sam0/i2c_slave_interrupt.o
                0x00000afa                i2c_slave_write_packet_job
 *fill*         0x00000b22        0x2 
 .text._i2c_slave_interrupt_handler
                0x00000b24      0x280 src/ASF/sam0/drivers/sercom/i2c/i2c_sam0/i2c_slave_interrupt.o
                0x00000b24                _i2c_slave_interrupt_handler
 .text.sercom_set_gclk_generator
                0x00000da4       0x4c src/ASF/sam0/drivers/sercom/sercom.o
                0x00000da4                sercom_set_gclk_generator
 .text._sercom_get_default_pad
                0x00000df0      0x174 src/ASF/sam0/drivers/sercom/sercom.o
                0x00000df0                _sercom_get_default_pad
 .text._sercom_get_sercom_inst_index
                0x00000f64       0x38 src/ASF/sam0/drivers/sercom/sercom.o
                0x00000f64                _sercom_get_sercom_inst_index
 .text._sercom_default_handler
                0x00000f9c        0x2 src/ASF/sam0/drivers/sercom/sercom_interrupt.o
 *fill*         0x00000f9e        0x2 
 .text._sercom_set_handler
                0x00000fa0       0x3c src/ASF/sam0/drivers/sercom/sercom_interrupt.o
                0x00000fa0                _sercom_set_handler
 .text._sercom_get_interrupt_vector
                0x00000fdc       0x30 src/ASF/sam0/drivers/sercom/sercom_interrupt.o
                0x00000fdc                _sercom_get_interrupt_vector
 .text.SERCOM0_Handler
                0x0000100c       0x10 src/ASF/sam0/drivers/sercom/sercom_interrupt.o
                0x0000100c                SERCOM0_Handler
 .text.SERCOM1_Handler
                0x0000101c       0x10 src/ASF/sam0/drivers/sercom/sercom_interrupt.o
                0x0000101c                SERCOM1_Handler
 .text.SERCOM2_Handler
                0x0000102c       0x10 src/ASF/sam0/drivers/sercom/sercom_interrupt.o
                0x0000102c                SERCOM2_Handler
 .text.SERCOM3_Handler
                0x0000103c       0x10 src/ASF/sam0/drivers/sercom/sercom_interrupt.o
                0x0000103c                SERCOM3_Handler
 .text.SERCOM4_Handler
                0x0000104c       0x10 src/ASF/sam0/drivers/sercom/sercom_interrupt.o
                0x0000104c                SERCOM4_Handler
 .text.SERCOM5_Handler
                0x0000105c       0x10 src/ASF/sam0/drivers/sercom/sercom_interrupt.o
                0x0000105c                SERCOM5_Handler
 .text.cpu_irq_enter_critical
                0x0000106c       0x40 src/ASF/common/utils/interrupt/interrupt_sam_nvic.o
                0x0000106c                cpu_irq_enter_critical
 .text.cpu_irq_leave_critical
                0x000010ac       0x30 src/ASF/common/utils/interrupt/interrupt_sam_nvic.o
                0x000010ac                cpu_irq_leave_critical
 .text.system_board_init
                0x000010dc       0x38 src/ASF/sam0/boards/saml21_xplained_pro/board_init.o
                0x000010dc                board_init
                0x000010dc                system_board_init
 .text.port_pin_set_config
                0x00001114       0x24 src/ASF/sam0/drivers/port/port.o
                0x00001114                port_pin_set_config
 .text.system_clock_source_get_hz
                0x00001138       0x94 src/ASF/sam0/drivers/system/clock/clock_saml21/clock.o
                0x00001138                system_clock_source_get_hz
 .text.system_clock_init
                0x000011cc       0xe0 src/ASF/sam0/drivers/system/clock/clock_saml21/clock.o
                0x000011cc                system_clock_init
 .text.system_gclk_init
                0x000012ac       0x24 src/ASF/sam0/drivers/system/clock/clock_saml21/gclk.o
                0x000012ac                system_gclk_init
 .text.system_gclk_gen_set_config
                0x000012d0       0xac src/ASF/sam0/drivers/system/clock/clock_saml21/gclk.o
                0x000012d0                system_gclk_gen_set_config
 .text.system_gclk_gen_enable
                0x0000137c       0x40 src/ASF/sam0/drivers/system/clock/clock_saml21/gclk.o
                0x0000137c                system_gclk_gen_enable
 .text.system_gclk_gen_disable
                0x000013bc       0x4c src/ASF/sam0/drivers/system/clock/clock_saml21/gclk.o
                0x000013bc                system_gclk_gen_disable
 .text.system_gclk_gen_get_hz
                0x00001408       0x6c src/ASF/sam0/drivers/system/clock/clock_saml21/gclk.o
                0x00001408                system_gclk_gen_get_hz
 .text.system_gclk_chan_enable
                0x00001474       0x38 src/ASF/sam0/drivers/system/clock/clock_saml21/gclk.o
                0x00001474                system_gclk_chan_enable
 .text.system_gclk_chan_disable
                0x000014ac       0x38 src/ASF/sam0/drivers/system/clock/clock_saml21/gclk.o
                0x000014ac                system_gclk_chan_disable
 .text.system_gclk_chan_set_config
                0x000014e4       0x24 src/ASF/sam0/drivers/system/clock/clock_saml21/gclk.o
                0x000014e4                system_gclk_chan_set_config
 .text.system_gclk_chan_get_hz
                0x00001508       0x30 src/ASF/sam0/drivers/system/clock/clock_saml21/gclk.o
                0x00001508                system_gclk_chan_get_hz
 .text._system_pinmux_config
                0x00001538       0xa8 src/ASF/sam0/drivers/system/pinmux/pinmux.o
 .text.system_pinmux_pin_set_config
                0x000015e0       0x30 src/ASF/sam0/drivers/system/pinmux/pinmux.o
                0x000015e0                system_pinmux_pin_set_config
 .text._system_dummy_init
                0x00001610        0x2 src/ASF/sam0/drivers/system/system.o
                0x00001610                _system_extint_init
                0x00001610                _system_events_init
                0x00001610                _system_dummy_init
                0x00001610                _system_divas_init
 *fill*         0x00001612        0x2 
 .text.system_init
                0x00001614       0x2c src/ASF/sam0/drivers/system/system.o
                0x00001614                system_init
 .text._tcc_get_inst_index
                0x00001640       0x34 src/ASF/sam0/drivers/tcc/tcc.o
                0x00001640                _tcc_get_inst_index
 .text.tcc_get_config_defaults
                0x00001674      0x150 src/ASF/sam0/drivers/tcc/tcc.o
                0x00001674                tcc_get_config_defaults
 .text.tcc_init
                0x000017c4      0x3e4 src/ASF/sam0/drivers/tcc/tcc.o
                0x000017c4                tcc_init
 .text.tcc_set_count_value
                0x00001ba8       0x30 src/ASF/sam0/drivers/tcc/tcc.o
                0x00001ba8                tcc_set_count_value
 .text.tcc_register_callback
                0x00001bd8       0x18 src/ASF/sam0/drivers/tcc/tcc_callback.o
                0x00001bd8                tcc_register_callback
 .text.tcc_enable_callback
                0x00001bf0       0x40 src/ASF/sam0/drivers/tcc/tcc_callback.o
                0x00001bf0                tcc_enable_callback
 .text._tcc_interrupt_handler
                0x00001c30       0x4c src/ASF/sam0/drivers/tcc/tcc_callback.o
                0x00001c30                _tcc_interrupt_handler
 .text.TCC0_Handler
                0x00001c7c       0x10 src/ASF/sam0/drivers/tcc/tcc_callback.o
                0x00001c7c                TCC0_Handler
 .text.TCC1_Handler
                0x00001c8c       0x10 src/ASF/sam0/drivers/tcc/tcc_callback.o
                0x00001c8c                TCC1_Handler
 .text.TCC2_Handler
                0x00001c9c       0x10 src/ASF/sam0/drivers/tcc/tcc_callback.o
                0x00001c9c                TCC2_Handler
 .text._tc_interrupt_handler
                0x00001cac       0x64 src/ASF/sam0/drivers/tc/tc_interrupt.o
                0x00001cac                _tc_interrupt_handler
 .text.TC0_Handler
                0x00001d10       0x10 src/ASF/sam0/drivers/tc/tc_interrupt.o
                0x00001d10                TC0_Handler
 .text.TC1_Handler
                0x00001d20       0x10 src/ASF/sam0/drivers/tc/tc_interrupt.o
                0x00001d20                TC1_Handler
 .text.TC2_Handler
                0x00001d30       0x10 src/ASF/sam0/drivers/tc/tc_interrupt.o
                0x00001d30                TC2_Handler
 .text.TC3_Handler
                0x00001d40       0x10 src/ASF/sam0/drivers/tc/tc_interrupt.o
                0x00001d40                TC3_Handler
 .text.TC4_Handler
                0x00001d50       0x10 src/ASF/sam0/drivers/tc/tc_interrupt.o
                0x00001d50                TC4_Handler
 .text._tc_get_inst_index
                0x00001d60       0x3c src/ASF/sam0/drivers/tc/tc_sam_l_c/tc.o
                0x00001d60                _tc_get_inst_index
 .text.tc_init  0x00001d9c      0x2f0 src/ASF/sam0/drivers/tc/tc_sam_l_c/tc.o
                0x00001d9c                tc_init
 .text.Dummy_Handler
                0x0000208c        0x2 src/ASF/sam0/utils/cmsis/saml21/source/gcc/startup_saml21.o
                0x0000208c                DMAC_Handler
                0x0000208c                TRNG_Handler
                0x0000208c                HardFault_Handler
                0x0000208c                AC_Handler
                0x0000208c                SysTick_Handler
                0x0000208c                PendSV_Handler
                0x0000208c                NMI_Handler
                0x0000208c                RTC_Handler
                0x0000208c                EIC_Handler
                0x0000208c                WDT_Handler
                0x0000208c                USB_Handler
                0x0000208c                Dummy_Handler
                0x0000208c                SVC_Handler
                0x0000208c                EVSYS_Handler
                0x0000208c                NVMCTRL_Handler
                0x0000208c                SYSTEM_Handler
                0x0000208c                PTC_Handler
                0x0000208c                AES_Handler
 *fill*         0x0000208e        0x2 
 .text.Reset_Handler
                0x00002090       0x98 src/ASF/sam0/utils/cmsis/saml21/source/gcc/startup_saml21.o
                0x00002090                Reset_Handler
 .text.i2c_write_complete_callback
                0x00002128       0x2c src/main.o
                0x00002128                i2c_write_complete_callback
 .text.i2c_read_request_callback
                0x00002154       0x28 src/main.o
                0x00002154                i2c_read_request_callback
 .text.i2c_write_request_callback
                0x0000217c       0x20 src/main.o
                0x0000217c                i2c_write_request_callback
 .text.configure_gclock_generator
                0x0000219c       0x30 src/main.o
                0x0000219c                configure_gclock_generator
 .text.configure_port_pins
                0x000021cc       0x98 src/main.o
                0x000021cc                configure_port_pins
 .text.configure_adc
                0x00002264       0x68 src/main.o
                0x00002264                configure_adc
 .text.configure_adc_pins
                0x000022cc       0x2c src/main.o
                0x000022cc                configure_adc_pins
 .text.adc_initialization
                0x000022f8       0x14 src/main.o
                0x000022f8                adc_initialization
 .text.set_adc_channel
                0x0000230c       0xf4 src/main.o
                0x0000230c                set_adc_channel
 .text.read_adc
                0x00002400       0x6c src/main.o
                0x00002400                read_adc
 .text.configure_dac
                0x0000246c       0x30 src/main.o
                0x0000246c                configure_dac
 .text.configure_dac_channel
                0x0000249c       0x40 src/main.o
                0x0000249c                configure_dac_channel
 .text.configure_dac_pins
                0x000024dc       0x2c src/main.o
                0x000024dc                configure_dac_pins
 .text.dac_initialization
                0x00002508       0x2c src/main.o
                0x00002508                dac_initialization
 .text.controller_fsm
                0x00002534      0x2ec src/main.o
                0x00002534                controller_fsm
 .text.tcc0_callback
                0x00002820       0x9c src/main.o
                0x00002820                tcc0_callback
 .text.configure_tc4
                0x000028bc       0x58 src/main.o
                0x000028bc                configure_tc4
 .text.set_pwm  0x00002914      0x130 src/main.o
                0x00002914                set_pwm
 .text.configure_tcc0
                0x00002a44       0x30 src/main.o
                0x00002a44                configure_tcc0
 .text.configure_timers
                0x00002a74       0x14 src/main.o
                0x00002a74                configure_timers
 .text.configure_tcc0_callbacks
                0x00002a88       0x28 src/main.o
                0x00002a88                configure_tcc0_callbacks
 .text.initialize_timers
                0x00002ab0       0x80 src/main.o
                0x00002ab0                initialize_timers
 .text.execute_command
                0x00002b30      0x18c src/main.o
                0x00002b30                execute_command
 .text.i2c_read_complete_callback
                0x00002cbc       0x24 src/main.o
                0x00002cbc                i2c_read_complete_callback
 .text.configure_i2c_slave
                0x00002ce0       0x90 src/main.o
                0x00002ce0                configure_i2c_slave
 .text.configure_i2c_pins
                0x00002d70       0x2c src/main.o
                0x00002d70                configure_i2c_pins
 .text.configure_i2c_slave_callbacks
                0x00002d9c       0x6c src/main.o
                0x00002d9c                configure_i2c_slave_callbacks
 .text.i2c_initialization
                0x00002e08       0x1c src/main.o
                0x00002e08                i2c_initialization
 .text.main     0x00002e24       0xf8 src/main.o
                0x00002e24                main
 .text.round    0x00002f1c       0xac c:/program files (x86)/atmel/studio/7.0/toolchain/arm/arm-gnu-toolchain/bin/../lib/gcc/arm-none-eabi/6.2.1/../../../../arm-none-eabi/lib/thumb/v6-m\libm.a(lib_a-s_round.o)
                0x00002f1c                round
 .text          0x00002fc8      0x114 c:/program files (x86)/atmel/studio/7.0/toolchain/arm/arm-gnu-toolchain/bin/../lib/gcc/arm-none-eabi/6.2.1/thumb/v6-m\libgcc.a(_udivsi3.o)
                0x00002fc8                __aeabi_uidiv
                0x00002fc8                __udivsi3
                0x000030d4                __aeabi_uidivmod
 .text          0x000030dc        0x4 c:/program files (x86)/atmel/studio/7.0/toolchain/arm/arm-gnu-toolchain/bin/../lib/gcc/arm-none-eabi/6.2.1/thumb/v6-m\libgcc.a(_dvmd_tls.o)
                0x000030dc                __aeabi_idiv0
                0x000030dc                __aeabi_ldiv0
 .text          0x000030e0       0x30 c:/program files (x86)/atmel/studio/7.0/toolchain/arm/arm-gnu-toolchain/bin/../lib/gcc/arm-none-eabi/6.2.1/thumb/v6-m\libgcc.a(_fixunssfsi.o)
                0x000030e0                __fixunssfsi
                0x000030e0                __aeabi_f2uiz
 .text          0x00003110       0x3c c:/program files (x86)/atmel/studio/7.0/toolchain/arm/arm-gnu-toolchain/bin/../lib/gcc/arm-none-eabi/6.2.1/thumb/v6-m\libgcc.a(_fixunsdfsi.o)
                0x00003110                __aeabi_d2uiz
                0x00003110                __fixunsdfsi
 .text          0x0000314c      0x240 c:/program files (x86)/atmel/studio/7.0/toolchain/arm/arm-gnu-toolchain/bin/../lib/gcc/arm-none-eabi/6.2.1/thumb/v6-m\libgcc.a(mulsf3.o)
                0x0000314c                __aeabi_fmul
 .text          0x0000338c      0x338 c:/program files (x86)/atmel/studio/7.0/toolchain/arm/arm-gnu-toolchain/bin/../lib/gcc/arm-none-eabi/6.2.1/thumb/v6-m\libgcc.a(subsf3.o)
                0x0000338c                __aeabi_fsub
 .text          0x000036c4       0x40 c:/program files (x86)/atmel/studio/7.0/toolchain/arm/arm-gnu-toolchain/bin/../lib/gcc/arm-none-eabi/6.2.1/thumb/v6-m\libgcc.a(fixsfsi.o)
                0x000036c4                __aeabi_f2iz
 .text          0x00003704       0xa0 c:/program files (x86)/atmel/studio/7.0/toolchain/arm/arm-gnu-toolchain/bin/../lib/gcc/arm-none-eabi/6.2.1/thumb/v6-m\libgcc.a(floatsisf.o)
                0x00003704                __aeabi_i2f
 .text          0x000037a4      0x620 c:/program files (x86)/atmel/studio/7.0/toolchain/arm/arm-gnu-toolchain/bin/../lib/gcc/arm-none-eabi/6.2.1/thumb/v6-m\libgcc.a(adddf3.o)
                0x000037a4                __aeabi_dadd
 .text          0x00003dc4      0x668 c:/program files (x86)/atmel/studio/7.0/toolchain/arm/arm-gnu-toolchain/bin/../lib/gcc/arm-none-eabi/6.2.1/thumb/v6-m\libgcc.a(divdf3.o)
                0x00003dc4                __aeabi_ddiv
 .text          0x0000442c      0x500 c:/program files (x86)/atmel/studio/7.0/toolchain/arm/arm-gnu-toolchain/bin/../lib/gcc/arm-none-eabi/6.2.1/thumb/v6-m\libgcc.a(muldf3.o)
                0x0000442c                __aeabi_dmul
 .text          0x0000492c      0x62c c:/program files (x86)/atmel/studio/7.0/toolchain/arm/arm-gnu-toolchain/bin/../lib/gcc/arm-none-eabi/6.2.1/thumb/v6-m\libgcc.a(subdf3.o)
                0x0000492c                __aeabi_dsub
 .text          0x00004f58       0x68 c:/program files (x86)/atmel/studio/7.0/toolchain/arm/arm-gnu-toolchain/bin/../lib/gcc/arm-none-eabi/6.2.1/thumb/v6-m\libgcc.a(fixdfsi.o)
                0x00004f58                __aeabi_d2iz
 .text          0x00004fc0       0x84 c:/program files (x86)/atmel/studio/7.0/toolchain/arm/arm-gnu-toolchain/bin/../lib/gcc/arm-none-eabi/6.2.1/thumb/v6-m\libgcc.a(floatsidf.o)
                0x00004fc0                __aeabi_i2d
 .text          0x00005044       0x70 c:/program files (x86)/atmel/studio/7.0/toolchain/arm/arm-gnu-toolchain/bin/../lib/gcc/arm-none-eabi/6.2.1/thumb/v6-m\libgcc.a(floatunsidf.o)
                0x00005044                __aeabi_ui2d
 .text          0x000050b4       0x7c c:/program files (x86)/atmel/studio/7.0/toolchain/arm/arm-gnu-toolchain/bin/../lib/gcc/arm-none-eabi/6.2.1/thumb/v6-m\libgcc.a(_arm_cmpdf2.o)
                0x000050b4                __aeabi_cdrcmple
                0x000050c4                __aeabi_cdcmple
                0x000050c4                __aeabi_cdcmpeq
                0x000050d4                __aeabi_dcmpeq
                0x000050e0                __aeabi_dcmplt
                0x000050f4                __aeabi_dcmple
                0x00005108                __aeabi_dcmpgt
                0x0000511c                __aeabi_dcmpge
 .text          0x00005130       0x74 c:/program files (x86)/atmel/studio/7.0/toolchain/arm/arm-gnu-toolchain/bin/../lib/gcc/arm-none-eabi/6.2.1/thumb/v6-m\libgcc.a(_arm_cmpsf2.o)
                0x00005130                __aeabi_cfrcmple
                0x00005138                __aeabi_cfcmpeq
                0x00005138                __aeabi_cfcmple
                0x00005148                __aeabi_fcmpeq
                0x00005154                __aeabi_fcmplt
                0x00005168                __aeabi_fcmple
                0x0000517c                __aeabi_fcmpgt
                0x00005190                __aeabi_fcmpge
 .text          0x000051a4       0x3c c:/program files (x86)/atmel/studio/7.0/toolchain/arm/arm-gnu-toolchain/bin/../lib/gcc/arm-none-eabi/6.2.1/thumb/v6-m\libgcc.a(_clzsi2.o)
                0x000051a4                __clzsi2
 .text          0x000051e0       0x4c c:/program files (x86)/atmel/studio/7.0/toolchain/arm/arm-gnu-toolchain/bin/../lib/gcc/arm-none-eabi/6.2.1/thumb/v6-m\libgcc.a(eqsf2.o)
                0x000051e0                __eqsf2
                0x000051e0                __nesf2
 .text          0x0000522c       0x80 c:/program files (x86)/atmel/studio/7.0/toolchain/arm/arm-gnu-toolchain/bin/../lib/gcc/arm-none-eabi/6.2.1/thumb/v6-m\libgcc.a(gesf2.o)
                0x0000522c                __gesf2
                0x0000522c                __gtsf2
 .text          0x000052ac       0x84 c:/program files (x86)/atmel/studio/7.0/toolchain/arm/arm-gnu-toolchain/bin/../lib/gcc/arm-none-eabi/6.2.1/thumb/v6-m\libgcc.a(lesf2.o)
                0x000052ac                __ltsf2
                0x000052ac                __lesf2
 .text          0x00005330       0x74 c:/program files (x86)/atmel/studio/7.0/toolchain/arm/arm-gnu-toolchain/bin/../lib/gcc/arm-none-eabi/6.2.1/thumb/v6-m\libgcc.a(eqdf2.o)
                0x00005330                __nedf2
                0x00005330                __eqdf2
 .text          0x000053a4       0xc8 c:/program files (x86)/atmel/studio/7.0/toolchain/arm/arm-gnu-toolchain/bin/../lib/gcc/arm-none-eabi/6.2.1/thumb/v6-m\libgcc.a(gedf2.o)
                0x000053a4                __gedf2
                0x000053a4                __gtdf2
 .text          0x0000546c       0xc4 c:/program files (x86)/atmel/studio/7.0/toolchain/arm/arm-gnu-toolchain/bin/../lib/gcc/arm-none-eabi/6.2.1/thumb/v6-m\libgcc.a(ledf2.o)
                0x0000546c                __ledf2
                0x0000546c                __ltdf2
 .text.__libc_init_array
                0x00005530       0x48 c:/program files (x86)/atmel/studio/7.0/toolchain/arm/arm-gnu-toolchain/bin/../lib/gcc/arm-none-eabi/6.2.1/../../../../arm-none-eabi/lib/thumb/v6-m\libc_nano.a(lib_a-init.o)
                0x00005530                __libc_init_array
 .text.memcpy   0x00005578       0x12 c:/program files (x86)/atmel/studio/7.0/toolchain/arm/arm-gnu-toolchain/bin/../lib/gcc/arm-none-eabi/6.2.1/../../../../arm-none-eabi/lib/thumb/v6-m\libc_nano.a(lib_a-memcpy-stub.o)
                0x00005578                memcpy
 *(.glue_7t)
 .glue_7t       0x0000558a        0x0 linker stubs
 *(.glue_7)
 .glue_7        0x0000558a        0x0 linker stubs
 *(.rodata .rodata* .gnu.linkonce.r.*)
 *fill*         0x0000558a        0x2 
 .rodata.adc_init
                0x0000558c       0xd4 src/ASF/sam0/drivers/adc/adc_sam_l_c/adc.o
 .rodata        0x00005660       0x60 src/ASF/sam0/drivers/adc/adc_sam_l_c/adc.o
 .rodata        0x000056c0       0x18 src/ASF/sam0/drivers/sercom/sercom.o
 .rodata.system_clock_source_get_hz
                0x000056d8       0x24 src/ASF/sam0/drivers/system/clock/clock_saml21/clock.o
 .rodata._tcc_apbcmasks
                0x000056fc        0xc src/ASF/sam0/drivers/tcc/tcc.o
                0x000056fc                _tcc_apbcmasks
 .rodata._tcc_cc_nums
                0x00005708        0x3 src/ASF/sam0/drivers/tcc/tcc.o
                0x00005708                _tcc_cc_nums
 *fill*         0x0000570b        0x1 
 .rodata._tcc_gclk_ids
                0x0000570c        0x3 src/ASF/sam0/drivers/tcc/tcc.o
                0x0000570c                _tcc_gclk_ids
 *fill*         0x0000570f        0x1 
 .rodata._tcc_maxs
                0x00005710        0xc src/ASF/sam0/drivers/tcc/tcc.o
                0x00005710                _tcc_maxs
 .rodata._tcc_ow_nums
                0x0000571c        0x3 src/ASF/sam0/drivers/tcc/tcc.o
                0x0000571c                _tcc_ow_nums
 *fill*         0x0000571f        0x1 
 .rodata._tcc_intflag
                0x00005720       0x30 src/ASF/sam0/drivers/tcc/tcc_callback.o
                0x00005720                _tcc_intflag
 .rodata.tcc_interrupt_vectors.13661
                0x00005750        0x3 src/ASF/sam0/drivers/tcc/tcc_callback.o
 *fill*         0x00005753        0x1 
 .rodata.tc_init
                0x00005754       0x28 src/ASF/sam0/drivers/tc/tc_sam_l_c/tc.o
 .rodata        0x0000577c       0x3c src/ASF/sam0/drivers/tc/tc_sam_l_c/tc.o
 .rodata.set_adc_channel
                0x000057b8       0x28 src/main.o
 .rodata.controller_fsm
                0x000057e0       0x50 src/main.o
 .rodata.execute_command
                0x00005830       0x40 src/main.o
 .rodata        0x00005870       0x40 c:/program files (x86)/atmel/studio/7.0/toolchain/arm/arm-gnu-toolchain/bin/../lib/gcc/arm-none-eabi/6.2.1/thumb/v6-m\libgcc.a(mulsf3.o)
 .rodata        0x000058b0       0x40 c:/program files (x86)/atmel/studio/7.0/toolchain/arm/arm-gnu-toolchain/bin/../lib/gcc/arm-none-eabi/6.2.1/thumb/v6-m\libgcc.a(divdf3.o)
 .rodata        0x000058f0       0x40 c:/program files (x86)/atmel/studio/7.0/toolchain/arm/arm-gnu-toolchain/bin/../lib/gcc/arm-none-eabi/6.2.1/thumb/v6-m\libgcc.a(muldf3.o)
 *(.ARM.extab* .gnu.linkonce.armextab.*)
                0x00005930                . = ALIGN (0x4)
 *(.init)
 .init          0x00005930        0x4 c:/program files (x86)/atmel/studio/7.0/toolchain/arm/arm-gnu-toolchain/bin/../lib/gcc/arm-none-eabi/6.2.1/thumb/v6-m/crti.o
                0x00005930                _init
 .init          0x00005934        0x8 c:/program files (x86)/atmel/studio/7.0/toolchain/arm/arm-gnu-toolchain/bin/../lib/gcc/arm-none-eabi/6.2.1/thumb/v6-m/crtn.o
                0x0000593c                . = ALIGN (0x4)
                0x0000593c                __preinit_array_start = .
 *(.preinit_array)
                0x0000593c                __preinit_array_end = .
                0x0000593c                . = ALIGN (0x4)
                0x0000593c                __init_array_start = .
 *(SORT(.init_array.*))
 *(.init_array)
 .init_array    0x0000593c        0x4 c:/program files (x86)/atmel/studio/7.0/toolchain/arm/arm-gnu-toolchain/bin/../lib/gcc/arm-none-eabi/6.2.1/thumb/v6-m/crtbegin.o
                0x00005940                __init_array_end = .
                0x00005940                . = ALIGN (0x4)
 *crtbegin.o(.ctors)
 *(EXCLUDE_FILE(*crtend.o) .ctors)
 *(SORT(.ctors.*))
 *crtend.o(.ctors)
                0x00005940                . = ALIGN (0x4)
 *(.fini)
 .fini          0x00005940        0x4 c:/program files (x86)/atmel/studio/7.0/toolchain/arm/arm-gnu-toolchain/bin/../lib/gcc/arm-none-eabi/6.2.1/thumb/v6-m/crti.o
                0x00005940                _fini
 .fini          0x00005944        0x8 c:/program files (x86)/atmel/studio/7.0/toolchain/arm/arm-gnu-toolchain/bin/../lib/gcc/arm-none-eabi/6.2.1/thumb/v6-m/crtn.o
                0x0000594c                . = ALIGN (0x4)
                0x0000594c                __fini_array_start = .
 *(.fini_array)
 .fini_array    0x0000594c        0x4 c:/program files (x86)/atmel/studio/7.0/toolchain/arm/arm-gnu-toolchain/bin/../lib/gcc/arm-none-eabi/6.2.1/thumb/v6-m/crtbegin.o
 *(SORT(.fini_array.*))
                0x00005950                __fini_array_end = .
 *crtbegin.o(.dtors)
 *(EXCLUDE_FILE(*crtend.o) .dtors)
 *(SORT(.dtors.*))
 *crtend.o(.dtors)
                0x00005950                . = ALIGN (0x4)
                0x00005950                _efixed = .
                [!provide]                PROVIDE (__exidx_start, .)

.vfp11_veneer   0x00005950        0x0
 .vfp11_veneer  0x00005950        0x0 linker stubs

.v4_bx          0x00005950        0x0
 .v4_bx         0x00005950        0x0 linker stubs

.iplt           0x00005950        0x0
 .iplt          0x00005950        0x0 c:/program files (x86)/atmel/studio/7.0/toolchain/arm/arm-gnu-toolchain/bin/../lib/gcc/arm-none-eabi/6.2.1/thumb/v6-m/crtbegin.o

.eh_frame       0x00005950        0x0
 .eh_frame      0x00005950        0x0 c:/program files (x86)/atmel/studio/7.0/toolchain/arm/arm-gnu-toolchain/bin/../lib/gcc/arm-none-eabi/6.2.1/thumb/v6-m/crtbegin.o

.rel.dyn        0x00005950        0x0
 .rel.iplt      0x00005950        0x0 c:/program files (x86)/atmel/studio/7.0/toolchain/arm/arm-gnu-toolchain/bin/../lib/gcc/arm-none-eabi/6.2.1/thumb/v6-m/crtbegin.o

.jcr            0x00005950        0x0
 .jcr           0x00005950        0x0 c:/program files (x86)/atmel/studio/7.0/toolchain/arm/arm-gnu-toolchain/bin/../lib/gcc/arm-none-eabi/6.2.1/thumb/v6-m/crtbegin.o

.igot.plt       0x00005950        0x0
 .igot.plt      0x00005950        0x0 c:/program files (x86)/atmel/studio/7.0/toolchain/arm/arm-gnu-toolchain/bin/../lib/gcc/arm-none-eabi/6.2.1/thumb/v6-m/crtbegin.o

.ARM.exidx
 *(.ARM.exidx* .gnu.linkonce.armexidx.*)
                [!provide]                PROVIDE (__exidx_end, .)
                0x00005950                . = ALIGN (0x4)
                0x00005950                _etext = .

.relocate       0x20000000       0x1c load address 0x00005950
                0x20000000                . = ALIGN (0x4)
                0x20000000                _srelocate = .
 *(.ramfunc .ramfunc.*)
 *(.data .data.*)
 .data.g_interrupt_enabled
                0x20000000        0x1 src/ASF/common/utils/interrupt/interrupt_sam_nvic.o
                0x20000000                g_interrupt_enabled
 *fill*         0x20000001        0x3 
 .data.default_fsm_wait
                0x20000004        0x4 src/main.o
                0x20000004                default_fsm_wait
 .data.i2c_data_length
                0x20000008        0x2 src/main.o
                0x20000008                i2c_data_length
 *fill*         0x2000000a        0x2 
 .data.image_array
                0x2000000c        0x4 src/main.o
                0x2000000c                image_array
 .data.image_array_size
                0x20000010        0x2 src/main.o
                0x20000010                image_array_size
 *fill*         0x20000012        0x2 
 .data.integration_time
                0x20000014        0x4 src/main.o
                0x20000014                integration_time
 .data.nxt_state_wait.15513
                0x20000018        0x4 src/main.o
                0x2000001c                . = ALIGN (0x4)
                0x2000001c                _erelocate = .

.lpram          0x30000000        0x0
                0x30000000                . = ALIGN (0x8)
                0x30000000                _slpram = .
 *(.lpram .lpram.*)
                0x30000000                . = ALIGN (0x8)
                0x30000000                _elpram = .

.bss            0x2000001c      0x304 load address 0x0000596c
                0x2000001c                . = ALIGN (0x4)
                0x2000001c                _sbss = .
                0x2000001c                _szero = .
 *(.bss .bss.*)
 .bss           0x2000001c       0x1c c:/program files (x86)/atmel/studio/7.0/toolchain/arm/arm-gnu-toolchain/bin/../lib/gcc/arm-none-eabi/6.2.1/thumb/v6-m/crtbegin.o
 .bss._sercom_config
                0x20000038        0x2 src/ASF/sam0/drivers/sercom/sercom.o
 .bss._handler_table_initialized
                0x2000003a        0x1 src/ASF/sam0/drivers/sercom/sercom_interrupt.o
 *fill*         0x2000003b        0x1 
 .bss._sercom_interrupt_handlers
                0x2000003c       0x18 src/ASF/sam0/drivers/sercom/sercom_interrupt.o
 .bss.cpu_irq_critical_section_counter
                0x20000054        0x4 src/ASF/common/utils/interrupt/interrupt_sam_nvic.o
 .bss.cpu_irq_prev_interrupt_state
                0x20000058        0x1 src/ASF/common/utils/interrupt/interrupt_sam_nvic.o
 *fill*         0x20000059        0x3 
 .bss._system_clock_inst
                0x2000005c       0x18 src/ASF/sam0/drivers/system/clock/clock_saml21/clock.o
 .bss.col_count.15511
                0x20000074        0x2 src/main.o
 .bss.free_running_image_acq
                0x20000076        0x1 src/main.o
                0x20000076                free_running_image_acq
 .bss.fsm_state
                0x20000077        0x1 src/main.o
                0x20000077                fsm_state
 .bss.i2c_data_buffer
                0x20000078       0x40 src/main.o
                0x20000078                i2c_data_buffer
 .bss.manual_fsm_advance
                0x200000b8        0x1 src/main.o
                0x200000b8                manual_fsm_advance
 .bss.manual_fsm_debugging
                0x200000b9        0x1 src/main.o
                0x200000b9                manual_fsm_debugging
 .bss.pixel_count.15512
                0x200000ba        0x2 src/main.o
 .bss.row_count.15510
                0x200000bc        0x2 src/main.o
 *fill*         0x200000be        0x2 
 .bss.tcc0_start_count
                0x200000c0        0x4 src/main.o
                0x200000c0                tcc0_start_count
 .bss.toggle    0x200000c4        0x1 src/main.o
                0x200000c4                toggle
 .bss.trigger_image_acq
                0x200000c5        0x1 src/main.o
                0x200000c5                trigger_image_acq
 *(COMMON)
 *fill*         0x200000c6        0x2 
 COMMON         0x200000c8        0x4 src/ASF/sam0/drivers/adc/adc_sam_l_c/adc_callback.o
                0x200000c8                _adc_instances
 COMMON         0x200000cc        0x4 src/ASF/sam0/drivers/dac/dac_sam_l/dac_callback.o
                0x200000cc                _dac_instances
 COMMON         0x200000d0       0x18 src/ASF/sam0/drivers/sercom/sercom_interrupt.o
                0x200000d0                _sercom_instances
 COMMON         0x200000e8        0xc src/ASF/sam0/drivers/tcc/tcc_callback.o
                0x200000e8                _tcc_instances
 COMMON         0x200000f4       0x14 src/ASF/sam0/drivers/tc/tc_interrupt.o
                0x200000f4                _tc_instances
 COMMON         0x20000108      0x218 src/main.o
                0x20000108                gclock_gen_conf
                0x20000114                pwm_frequency
                0x20000118                i2c_packet
                0x20000120                config_tcc0
                0x200001c4                pwm_dutycycle
                0x200001c8                config_adc
                0x200001f4                i2c_data_ptr
                0x200001f8                config_tc4
                0x20000230                dac_instance
                0x2000026c                tc4_instance
                0x20000288                req_fsm_wait
                0x2000028c                tcc0_instance
                0x200002cc                adc_instance
                0x200002ec                i2c_slave_instance
                0x20000320                . = ALIGN (0x4)
                0x20000320                _ebss = .
                0x20000320                _ezero = .

.stack          0x20000320     0x2000 load address 0x00005c70
                0x20000320                . = ALIGN (0x8)
                0x20000320                _sstack = .
                0x20002320                . = (. + STACK_SIZE)
 *fill*         0x20000320     0x2000 
                0x20002320                . = ALIGN (0x8)
                0x20002320                _estack = .
                0x20002320                . = ALIGN (0x4)
                0x20002320                _end = .
OUTPUT(eh_board.elf elf32-littlearm)

.ARM.attributes
                0x00000000       0x28
 .ARM.attributes
                0x00000000       0x1e c:/program files (x86)/atmel/studio/7.0/toolchain/arm/arm-gnu-toolchain/bin/../lib/gcc/arm-none-eabi/6.2.1/thumb/v6-m/crti.o
 .ARM.attributes
                0x0000001e       0x2c c:/program files (x86)/atmel/studio/7.0/toolchain/arm/arm-gnu-toolchain/bin/../lib/gcc/arm-none-eabi/6.2.1/thumb/v6-m/crtbegin.o
 .ARM.attributes
                0x0000004a       0x32 src/ASF/sam0/drivers/adc/adc_sam_l_c/adc.o
 .ARM.attributes
                0x0000007c       0x32 src/ASF/sam0/drivers/adc/adc_sam_l_c/adc_callback.o
 .ARM.attributes
                0x000000ae       0x32 src/ASF/sam0/drivers/dac/dac_sam_l/dac.o
 .ARM.attributes
                0x000000e0       0x32 src/ASF/sam0/drivers/dac/dac_sam_l/dac_callback.o
 .ARM.attributes
                0x00000112       0x32 src/ASF/sam0/drivers/sercom/i2c/i2c_sam0/i2c_slave.o
 .ARM.attributes
                0x00000144       0x32 src/ASF/sam0/drivers/sercom/i2c/i2c_sam0/i2c_slave_interrupt.o
 .ARM.attributes
                0x00000176       0x32 src/ASF/sam0/drivers/sercom/sercom.o
 .ARM.attributes
                0x000001a8       0x32 src/ASF/sam0/drivers/sercom/sercom_interrupt.o
 .ARM.attributes
                0x000001da       0x32 src/ASF/common/utils/interrupt/interrupt_sam_nvic.o
 .ARM.attributes
                0x0000020c       0x32 src/ASF/sam0/boards/saml21_xplained_pro/board_init.o
 .ARM.attributes
                0x0000023e       0x32 src/ASF/sam0/drivers/port/port.o
 .ARM.attributes
                0x00000270       0x32 src/ASF/sam0/drivers/system/clock/clock_saml21/clock.o
 .ARM.attributes
                0x000002a2       0x32 src/ASF/sam0/drivers/system/clock/clock_saml21/gclk.o
 .ARM.attributes
                0x000002d4       0x32 src/ASF/sam0/drivers/system/pinmux/pinmux.o
 .ARM.attributes
                0x00000306       0x32 src/ASF/sam0/drivers/system/system.o
 .ARM.attributes
                0x00000338       0x32 src/ASF/sam0/drivers/tcc/tcc.o
 .ARM.attributes
                0x0000036a       0x32 src/ASF/sam0/drivers/tcc/tcc_callback.o
 .ARM.attributes
                0x0000039c       0x32 src/ASF/sam0/drivers/tc/tc_interrupt.o
 .ARM.attributes
                0x000003ce       0x32 src/ASF/sam0/drivers/tc/tc_sam_l_c/tc.o
 .ARM.attributes
                0x00000400       0x32 src/ASF/sam0/utils/cmsis/saml21/source/gcc/startup_saml21.o
 .ARM.attributes
                0x00000432       0x32 src/main.o
 .ARM.attributes
                0x00000464       0x2c c:/program files (x86)/atmel/studio/7.0/toolchain/arm/arm-gnu-toolchain/bin/../lib/gcc/arm-none-eabi/6.2.1/../../../../arm-none-eabi/lib/thumb/v6-m\libm.a(lib_a-s_round.o)
 .ARM.attributes
                0x00000490       0x1e c:/program files (x86)/atmel/studio/7.0/toolchain/arm/arm-gnu-toolchain/bin/../lib/gcc/arm-none-eabi/6.2.1/thumb/v6-m\libgcc.a(_udivsi3.o)
 .ARM.attributes
                0x000004ae       0x1e c:/program files (x86)/atmel/studio/7.0/toolchain/arm/arm-gnu-toolchain/bin/../lib/gcc/arm-none-eabi/6.2.1/thumb/v6-m\libgcc.a(_dvmd_tls.o)
 .ARM.attributes
                0x000004cc       0x2c c:/program files (x86)/atmel/studio/7.0/toolchain/arm/arm-gnu-toolchain/bin/../lib/gcc/arm-none-eabi/6.2.1/thumb/v6-m\libgcc.a(_fixunssfsi.o)
 .ARM.attributes
                0x000004f8       0x2c c:/program files (x86)/atmel/studio/7.0/toolchain/arm/arm-gnu-toolchain/bin/../lib/gcc/arm-none-eabi/6.2.1/thumb/v6-m\libgcc.a(_fixunsdfsi.o)
 .ARM.attributes
                0x00000524       0x2c c:/program files (x86)/atmel/studio/7.0/toolchain/arm/arm-gnu-toolchain/bin/../lib/gcc/arm-none-eabi/6.2.1/thumb/v6-m\libgcc.a(mulsf3.o)
 .ARM.attributes
                0x00000550       0x2c c:/program files (x86)/atmel/studio/7.0/toolchain/arm/arm-gnu-toolchain/bin/../lib/gcc/arm-none-eabi/6.2.1/thumb/v6-m\libgcc.a(subsf3.o)
 .ARM.attributes
                0x0000057c       0x2c c:/program files (x86)/atmel/studio/7.0/toolchain/arm/arm-gnu-toolchain/bin/../lib/gcc/arm-none-eabi/6.2.1/thumb/v6-m\libgcc.a(fixsfsi.o)
 .ARM.attributes
                0x000005a8       0x2c c:/program files (x86)/atmel/studio/7.0/toolchain/arm/arm-gnu-toolchain/bin/../lib/gcc/arm-none-eabi/6.2.1/thumb/v6-m\libgcc.a(floatsisf.o)
 .ARM.attributes
                0x000005d4       0x2c c:/program files (x86)/atmel/studio/7.0/toolchain/arm/arm-gnu-toolchain/bin/../lib/gcc/arm-none-eabi/6.2.1/thumb/v6-m\libgcc.a(adddf3.o)
 .ARM.attributes
                0x00000600       0x2c c:/program files (x86)/atmel/studio/7.0/toolchain/arm/arm-gnu-toolchain/bin/../lib/gcc/arm-none-eabi/6.2.1/thumb/v6-m\libgcc.a(divdf3.o)
 .ARM.attributes
                0x0000062c       0x2c c:/program files (x86)/atmel/studio/7.0/toolchain/arm/arm-gnu-toolchain/bin/../lib/gcc/arm-none-eabi/6.2.1/thumb/v6-m\libgcc.a(muldf3.o)
 .ARM.attributes
                0x00000658       0x2c c:/program files (x86)/atmel/studio/7.0/toolchain/arm/arm-gnu-toolchain/bin/../lib/gcc/arm-none-eabi/6.2.1/thumb/v6-m\libgcc.a(subdf3.o)
 .ARM.attributes
                0x00000684       0x2c c:/program files (x86)/atmel/studio/7.0/toolchain/arm/arm-gnu-toolchain/bin/../lib/gcc/arm-none-eabi/6.2.1/thumb/v6-m\libgcc.a(fixdfsi.o)
 .ARM.attributes
                0x000006b0       0x2c c:/program files (x86)/atmel/studio/7.0/toolchain/arm/arm-gnu-toolchain/bin/../lib/gcc/arm-none-eabi/6.2.1/thumb/v6-m\libgcc.a(floatsidf.o)
 .ARM.attributes
                0x000006dc       0x2c c:/program files (x86)/atmel/studio/7.0/toolchain/arm/arm-gnu-toolchain/bin/../lib/gcc/arm-none-eabi/6.2.1/thumb/v6-m\libgcc.a(floatunsidf.o)
 .ARM.attributes
                0x00000708       0x1e c:/program files (x86)/atmel/studio/7.0/toolchain/arm/arm-gnu-toolchain/bin/../lib/gcc/arm-none-eabi/6.2.1/thumb/v6-m\libgcc.a(_arm_cmpdf2.o)
 .ARM.attributes
                0x00000726       0x1e c:/program files (x86)/atmel/studio/7.0/toolchain/arm/arm-gnu-toolchain/bin/../lib/gcc/arm-none-eabi/6.2.1/thumb/v6-m\libgcc.a(_arm_cmpsf2.o)
 .ARM.attributes
                0x00000744       0x1e c:/program files (x86)/atmel/studio/7.0/toolchain/arm/arm-gnu-toolchain/bin/../lib/gcc/arm-none-eabi/6.2.1/thumb/v6-m\libgcc.a(_clzsi2.o)
 .ARM.attributes
                0x00000762       0x2c c:/program files (x86)/atmel/studio/7.0/toolchain/arm/arm-gnu-toolchain/bin/../lib/gcc/arm-none-eabi/6.2.1/thumb/v6-m\libgcc.a(eqsf2.o)
 .ARM.attributes
                0x0000078e       0x2c c:/program files (x86)/atmel/studio/7.0/toolchain/arm/arm-gnu-toolchain/bin/../lib/gcc/arm-none-eabi/6.2.1/thumb/v6-m\libgcc.a(gesf2.o)
 .ARM.attributes
                0x000007ba       0x2c c:/program files (x86)/atmel/studio/7.0/toolchain/arm/arm-gnu-toolchain/bin/../lib/gcc/arm-none-eabi/6.2.1/thumb/v6-m\libgcc.a(lesf2.o)
 .ARM.attributes
                0x000007e6       0x2c c:/program files (x86)/atmel/studio/7.0/toolchain/arm/arm-gnu-toolchain/bin/../lib/gcc/arm-none-eabi/6.2.1/thumb/v6-m\libgcc.a(eqdf2.o)
 .ARM.attributes
                0x00000812       0x2c c:/program files (x86)/atmel/studio/7.0/toolchain/arm/arm-gnu-toolchain/bin/../lib/gcc/arm-none-eabi/6.2.1/thumb/v6-m\libgcc.a(gedf2.o)
 .ARM.attributes
                0x0000083e       0x2c c:/program files (x86)/atmel/studio/7.0/toolchain/arm/arm-gnu-toolchain/bin/../lib/gcc/arm-none-eabi/6.2.1/thumb/v6-m\libgcc.a(ledf2.o)
 .ARM.attributes
                0x0000086a       0x2c c:/program files (x86)/atmel/studio/7.0/toolchain/arm/arm-gnu-toolchain/bin/../lib/gcc/arm-none-eabi/6.2.1/../../../../arm-none-eabi/lib/thumb/v6-m\libc_nano.a(lib_a-init.o)
 .ARM.attributes
                0x00000896       0x2c c:/program files (x86)/atmel/studio/7.0/toolchain/arm/arm-gnu-toolchain/bin/../lib/gcc/arm-none-eabi/6.2.1/../../../../arm-none-eabi/lib/thumb/v6-m\libc_nano.a(lib_a-memcpy-stub.o)
 .ARM.attributes
                0x000008c2       0x1e c:/program files (x86)/atmel/studio/7.0/toolchain/arm/arm-gnu-toolchain/bin/../lib/gcc/arm-none-eabi/6.2.1/thumb/v6-m/crtn.o

.comment        0x00000000       0x59
 .comment       0x00000000       0x59 src/ASF/sam0/drivers/adc/adc_sam_l_c/adc.o
                                 0x5a (size before relaxing)
 .comment       0x00000059       0x5a src/ASF/sam0/drivers/adc/adc_sam_l_c/adc_callback.o
 .comment       0x00000059       0x5a src/ASF/sam0/drivers/dac/dac_sam_l/dac.o
 .comment       0x00000059       0x5a src/ASF/sam0/drivers/dac/dac_sam_l/dac_callback.o
 .comment       0x00000059       0x5a src/ASF/sam0/drivers/sercom/i2c/i2c_sam0/i2c_slave.o
 .comment       0x00000059       0x5a src/ASF/sam0/drivers/sercom/i2c/i2c_sam0/i2c_slave_interrupt.o
 .comment       0x00000059       0x5a src/ASF/sam0/drivers/sercom/sercom.o
 .comment       0x00000059       0x5a src/ASF/sam0/drivers/sercom/sercom_interrupt.o
 .comment       0x00000059       0x5a src/ASF/common/utils/interrupt/interrupt_sam_nvic.o
 .comment       0x00000059       0x5a src/ASF/sam0/boards/saml21_xplained_pro/board_init.o
 .comment       0x00000059       0x5a src/ASF/sam0/drivers/port/port.o
 .comment       0x00000059       0x5a src/ASF/sam0/drivers/system/clock/clock_saml21/clock.o
 .comment       0x00000059       0x5a src/ASF/sam0/drivers/system/clock/clock_saml21/gclk.o
 .comment       0x00000059       0x5a src/ASF/sam0/drivers/system/pinmux/pinmux.o
 .comment       0x00000059       0x5a src/ASF/sam0/drivers/system/system.o
 .comment       0x00000059       0x5a src/ASF/sam0/drivers/tcc/tcc.o
 .comment       0x00000059       0x5a src/ASF/sam0/drivers/tcc/tcc_callback.o
 .comment       0x00000059       0x5a src/ASF/sam0/drivers/tc/tc_interrupt.o
 .comment       0x00000059       0x5a src/ASF/sam0/drivers/tc/tc_sam_l_c/tc.o
 .comment       0x00000059       0x5a src/ASF/sam0/utils/cmsis/saml21/source/gcc/startup_saml21.o
 .comment       0x00000059       0x5a src/main.o

.debug_info     0x00000000    0x3bf24
 .debug_info    0x00000000     0x3881 src/ASF/sam0/drivers/adc/adc_sam_l_c/adc.o
 .debug_info    0x00003881     0x1d20 src/ASF/sam0/drivers/adc/adc_sam_l_c/adc_callback.o
 .debug_info    0x000055a1     0x3075 src/ASF/sam0/drivers/dac/dac_sam_l/dac.o
 .debug_info    0x00008616     0x1c25 src/ASF/sam0/drivers/dac/dac_sam_l/dac_callback.o
 .debug_info    0x0000a23b     0x4b9d src/ASF/sam0/drivers/sercom/i2c/i2c_sam0/i2c_slave.o
 .debug_info    0x0000edd8     0x3164 src/ASF/sam0/drivers/sercom/i2c/i2c_sam0/i2c_slave_interrupt.o
 .debug_info    0x00011f3c     0x2df0 src/ASF/sam0/drivers/sercom/sercom.o
 .debug_info    0x00014d2c     0x2bf6 src/ASF/sam0/drivers/sercom/sercom_interrupt.o
 .debug_info    0x00017922      0xafb src/ASF/common/utils/interrupt/interrupt_sam_nvic.o
 .debug_info    0x0001841d     0x139c src/ASF/sam0/boards/saml21_xplained_pro/board_init.o
 .debug_info    0x000197b9     0x13a5 src/ASF/sam0/drivers/port/port.o
 .debug_info    0x0001ab5e     0x4324 src/ASF/sam0/drivers/system/clock/clock_saml21/clock.o
 .debug_info    0x0001ee82     0x1e59 src/ASF/sam0/drivers/system/clock/clock_saml21/gclk.o
 .debug_info    0x00020cdb     0x14e4 src/ASF/sam0/drivers/system/pinmux/pinmux.o
 .debug_info    0x000221bf      0xa67 src/ASF/sam0/drivers/system/system.o
 .debug_info    0x00022c26     0x4cc7 src/ASF/sam0/drivers/tcc/tcc.o
 .debug_info    0x000278ed     0x313c src/ASF/sam0/drivers/tcc/tcc_callback.o
 .debug_info    0x0002aa29     0x1f3a src/ASF/sam0/drivers/tc/tc_interrupt.o
 .debug_info    0x0002c963     0x336c src/ASF/sam0/drivers/tc/tc_sam_l_c/tc.o
 .debug_info    0x0002fccf      0xa2f src/ASF/sam0/utils/cmsis/saml21/source/gcc/startup_saml21.o
 .debug_info    0x000306fe     0xb826 src/main.o

.debug_abbrev   0x00000000     0x4ad4
 .debug_abbrev  0x00000000      0x4b4 src/ASF/sam0/drivers/adc/adc_sam_l_c/adc.o
 .debug_abbrev  0x000004b4      0x3c6 src/ASF/sam0/drivers/adc/adc_sam_l_c/adc_callback.o
 .debug_abbrev  0x0000087a      0x490 src/ASF/sam0/drivers/dac/dac_sam_l/dac.o
 .debug_abbrev  0x00000d0a      0x3d4 src/ASF/sam0/drivers/dac/dac_sam_l/dac_callback.o
 .debug_abbrev  0x000010de      0x4f8 src/ASF/sam0/drivers/sercom/i2c/i2c_sam0/i2c_slave.o
 .debug_abbrev  0x000015d6      0x3b4 src/ASF/sam0/drivers/sercom/i2c/i2c_sam0/i2c_slave_interrupt.o
 .debug_abbrev  0x0000198a      0x378 src/ASF/sam0/drivers/sercom/sercom.o
 .debug_abbrev  0x00001d02      0x2d8 src/ASF/sam0/drivers/sercom/sercom_interrupt.o
 .debug_abbrev  0x00001fda      0x22c src/ASF/common/utils/interrupt/interrupt_sam_nvic.o
 .debug_abbrev  0x00002206      0x2dc src/ASF/sam0/boards/saml21_xplained_pro/board_init.o
 .debug_abbrev  0x000024e2      0x298 src/ASF/sam0/drivers/port/port.o
 .debug_abbrev  0x0000277a      0x423 src/ASF/sam0/drivers/system/clock/clock_saml21/clock.o
 .debug_abbrev  0x00002b9d      0x405 src/ASF/sam0/drivers/system/clock/clock_saml21/gclk.o
 .debug_abbrev  0x00002fa2      0x37b src/ASF/sam0/drivers/system/pinmux/pinmux.o
 .debug_abbrev  0x0000331d      0x1e1 src/ASF/sam0/drivers/system/system.o
 .debug_abbrev  0x000034fe      0x45b src/ASF/sam0/drivers/tcc/tcc.o
 .debug_abbrev  0x00003959      0x399 src/ASF/sam0/drivers/tcc/tcc_callback.o
 .debug_abbrev  0x00003cf2      0x2ff src/ASF/sam0/drivers/tc/tc_interrupt.o
 .debug_abbrev  0x00003ff1      0x417 src/ASF/sam0/drivers/tc/tc_sam_l_c/tc.o
 .debug_abbrev  0x00004408      0x1e4 src/ASF/sam0/utils/cmsis/saml21/source/gcc/startup_saml21.o
 .debug_abbrev  0x000045ec      0x4e8 src/main.o

.debug_loc      0x00000000     0x955f
 .debug_loc     0x00000000      0x73a src/ASF/sam0/drivers/adc/adc_sam_l_c/adc.o
 .debug_loc     0x0000073a      0x2fd src/ASF/sam0/drivers/adc/adc_sam_l_c/adc_callback.o
 .debug_loc     0x00000a37      0x976 src/ASF/sam0/drivers/dac/dac_sam_l/dac.o
 .debug_loc     0x000013ad      0x608 src/ASF/sam0/drivers/dac/dac_sam_l/dac_callback.o
 .debug_loc     0x000019b5      0x99a src/ASF/sam0/drivers/sercom/i2c/i2c_sam0/i2c_slave.o
 .debug_loc     0x0000234f      0x3e0 src/ASF/sam0/drivers/sercom/i2c/i2c_sam0/i2c_slave_interrupt.o
 .debug_loc     0x0000272f      0x9d5 src/ASF/sam0/drivers/sercom/sercom.o
 .debug_loc     0x00003104      0x161 src/ASF/sam0/drivers/sercom/sercom_interrupt.o
 .debug_loc     0x00003265       0x8b src/ASF/sam0/boards/saml21_xplained_pro/board_init.o
 .debug_loc     0x000032f0      0x13d src/ASF/sam0/drivers/port/port.o
 .debug_loc     0x0000342d      0xcb7 src/ASF/sam0/drivers/system/clock/clock_saml21/clock.o
 .debug_loc     0x000040e4      0x4dd src/ASF/sam0/drivers/system/clock/clock_saml21/gclk.o
 .debug_loc     0x000045c1      0x36d src/ASF/sam0/drivers/system/pinmux/pinmux.o
 .debug_loc     0x0000492e       0x20 src/ASF/sam0/drivers/system/system.o
 .debug_loc     0x0000494e     0x15dd src/ASF/sam0/drivers/tcc/tcc.o
 .debug_loc     0x00005f2b      0x245 src/ASF/sam0/drivers/tcc/tcc_callback.o
 .debug_loc     0x00006170      0x1c8 src/ASF/sam0/drivers/tc/tc_interrupt.o
 .debug_loc     0x00006338     0x1213 src/ASF/sam0/drivers/tc/tc_sam_l_c/tc.o
 .debug_loc     0x0000754b       0x40 src/ASF/sam0/utils/cmsis/saml21/source/gcc/startup_saml21.o
 .debug_loc     0x0000758b     0x1fd4 src/main.o

.debug_aranges  0x00000000      0x7a0
 .debug_aranges
                0x00000000       0x38 src/ASF/sam0/drivers/adc/adc_sam_l_c/adc.o
 .debug_aranges
                0x00000038       0x48 src/ASF/sam0/drivers/adc/adc_sam_l_c/adc_callback.o
 .debug_aranges
                0x00000080       0xa0 src/ASF/sam0/drivers/dac/dac_sam_l/dac.o
 .debug_aranges
                0x00000120       0x60 src/ASF/sam0/drivers/dac/dac_sam_l/dac_callback.o
 .debug_aranges
                0x00000180       0x60 src/ASF/sam0/drivers/sercom/i2c/i2c_sam0/i2c_slave.o
 .debug_aranges
                0x000001e0       0x50 src/ASF/sam0/drivers/sercom/i2c/i2c_sam0/i2c_slave_interrupt.o
 .debug_aranges
                0x00000230       0x48 src/ASF/sam0/drivers/sercom/sercom.o
 .debug_aranges
                0x00000278       0x60 src/ASF/sam0/drivers/sercom/sercom_interrupt.o
 .debug_aranges
                0x000002d8       0x28 src/ASF/common/utils/interrupt/interrupt_sam_nvic.o
 .debug_aranges
                0x00000300       0x20 src/ASF/sam0/boards/saml21_xplained_pro/board_init.o
 .debug_aranges
                0x00000320       0x28 src/ASF/sam0/drivers/port/port.o
 .debug_aranges
                0x00000348       0x80 src/ASF/sam0/drivers/system/clock/clock_saml21/clock.o
 .debug_aranges
                0x000003c8       0x80 src/ASF/sam0/drivers/system/clock/clock_saml21/gclk.o
 .debug_aranges
                0x00000448       0x40 src/ASF/sam0/drivers/system/pinmux/pinmux.o
 .debug_aranges
                0x00000488       0x28 src/ASF/sam0/drivers/system/system.o
 .debug_aranges
                0x000004b0       0xb0 src/ASF/sam0/drivers/tcc/tcc.o
 .debug_aranges
                0x00000560       0x58 src/ASF/sam0/drivers/tcc/tcc_callback.o
 .debug_aranges
                0x000005b8       0x58 src/ASF/sam0/drivers/tc/tc_interrupt.o
 .debug_aranges
                0x00000610       0x58 src/ASF/sam0/drivers/tc/tc_sam_l_c/tc.o
 .debug_aranges
                0x00000668       0x28 src/ASF/sam0/utils/cmsis/saml21/source/gcc/startup_saml21.o
 .debug_aranges
                0x00000690      0x110 src/main.o

.debug_ranges   0x00000000      0x8f8
 .debug_ranges  0x00000000       0x88 src/ASF/sam0/drivers/adc/adc_sam_l_c/adc.o
 .debug_ranges  0x00000088       0x50 src/ASF/sam0/drivers/adc/adc_sam_l_c/adc_callback.o
 .debug_ranges  0x000000d8       0xb0 src/ASF/sam0/drivers/dac/dac_sam_l/dac.o
 .debug_ranges  0x00000188       0x70 src/ASF/sam0/drivers/dac/dac_sam_l/dac_callback.o
 .debug_ranges  0x000001f8       0x80 src/ASF/sam0/drivers/sercom/i2c/i2c_sam0/i2c_slave.o
 .debug_ranges  0x00000278       0x40 src/ASF/sam0/drivers/sercom/i2c/i2c_sam0/i2c_slave_interrupt.o
 .debug_ranges  0x000002b8       0x50 src/ASF/sam0/drivers/sercom/sercom.o
 .debug_ranges  0x00000308       0x50 src/ASF/sam0/drivers/sercom/sercom_interrupt.o
 .debug_ranges  0x00000358       0x18 src/ASF/common/utils/interrupt/interrupt_sam_nvic.o
 .debug_ranges  0x00000370       0x10 src/ASF/sam0/boards/saml21_xplained_pro/board_init.o
 .debug_ranges  0x00000380       0x18 src/ASF/sam0/drivers/port/port.o
 .debug_ranges  0x00000398       0x70 src/ASF/sam0/drivers/system/clock/clock_saml21/clock.o
 .debug_ranges  0x00000408       0x88 src/ASF/sam0/drivers/system/clock/clock_saml21/gclk.o
 .debug_ranges  0x00000490       0x30 src/ASF/sam0/drivers/system/pinmux/pinmux.o
 .debug_ranges  0x000004c0       0x18 src/ASF/sam0/drivers/system/system.o
 .debug_ranges  0x000004d8      0x188 src/ASF/sam0/drivers/tcc/tcc.o
 .debug_ranges  0x00000660       0x48 src/ASF/sam0/drivers/tcc/tcc_callback.o
 .debug_ranges  0x000006a8       0x48 src/ASF/sam0/drivers/tc/tc_interrupt.o
 .debug_ranges  0x000006f0       0x80 src/ASF/sam0/drivers/tc/tc_sam_l_c/tc.o
 .debug_ranges  0x00000770       0x18 src/ASF/sam0/utils/cmsis/saml21/source/gcc/startup_saml21.o
 .debug_ranges  0x00000788      0x170 src/main.o

.debug_macro    0x00000000    0x1f832
 .debug_macro   0x00000000      0x611 src/ASF/sam0/drivers/adc/adc_sam_l_c/adc.o
 .debug_macro   0x00000611      0x8c8 src/ASF/sam0/drivers/adc/adc_sam_l_c/adc.o
 .debug_macro   0x00000ed9      0x16d src/ASF/sam0/drivers/adc/adc_sam_l_c/adc.o
 .debug_macro   0x00001046      0x64b src/ASF/sam0/drivers/adc/adc_sam_l_c/adc.o
 .debug_macro   0x00001691       0x22 src/ASF/sam0/drivers/adc/adc_sam_l_c/adc.o
 .debug_macro   0x000016b3       0x87 src/ASF/sam0/drivers/adc/adc_sam_l_c/adc.o
 .debug_macro   0x0000173a       0x51 src/ASF/sam0/drivers/adc/adc_sam_l_c/adc.o
 .debug_macro   0x0000178b       0xef src/ASF/sam0/drivers/adc/adc_sam_l_c/adc.o
 .debug_macro   0x0000187a       0x6a src/ASF/sam0/drivers/adc/adc_sam_l_c/adc.o
 .debug_macro   0x000018e4      0x1df src/ASF/sam0/drivers/adc/adc_sam_l_c/adc.o
 .debug_macro   0x00001ac3       0x10 src/ASF/sam0/drivers/adc/adc_sam_l_c/adc.o
 .debug_macro   0x00001ad3       0x76 src/ASF/sam0/drivers/adc/adc_sam_l_c/adc.o
 .debug_macro   0x00001b49       0x16 src/ASF/sam0/drivers/adc/adc_sam_l_c/adc.o
 .debug_macro   0x00001b5f      0x6e5 src/ASF/sam0/drivers/adc/adc_sam_l_c/adc.o
 .debug_macro   0x00002244      0xde2 src/ASF/sam0/drivers/adc/adc_sam_l_c/adc.o
 .debug_macro   0x00003026       0x22 src/ASF/sam0/drivers/adc/adc_sam_l_c/adc.o
 .debug_macro   0x00003048       0x40 src/ASF/sam0/drivers/adc/adc_sam_l_c/adc.o
 .debug_macro   0x00003088       0x3a src/ASF/sam0/drivers/adc/adc_sam_l_c/adc.o
 .debug_macro   0x000030c2       0x1f src/ASF/sam0/drivers/adc/adc_sam_l_c/adc.o
 .debug_macro   0x000030e1      0x250 src/ASF/sam0/drivers/adc/adc_sam_l_c/adc.o
 .debug_macro   0x00003331      0x71a src/ASF/sam0/drivers/adc/adc_sam_l_c/adc.o
 .debug_macro   0x00003a4b      0x979 src/ASF/sam0/drivers/adc/adc_sam_l_c/adc.o
 .debug_macro   0x000043c4      0x2b8 src/ASF/sam0/drivers/adc/adc_sam_l_c/adc.o
 .debug_macro   0x0000467c      0x226 src/ASF/sam0/drivers/adc/adc_sam_l_c/adc.o
 .debug_macro   0x000048a2      0x4dd src/ASF/sam0/drivers/adc/adc_sam_l_c/adc.o
 .debug_macro   0x00004d7f      0xd24 src/ASF/sam0/drivers/adc/adc_sam_l_c/adc.o
 .debug_macro   0x00005aa3      0x5b8 src/ASF/sam0/drivers/adc/adc_sam_l_c/adc.o
 .debug_macro   0x0000605b      0x58b src/ASF/sam0/drivers/adc/adc_sam_l_c/adc.o
 .debug_macro   0x000065e6      0x832 src/ASF/sam0/drivers/adc/adc_sam_l_c/adc.o
 .debug_macro   0x00006e18      0x297 src/ASF/sam0/drivers/adc/adc_sam_l_c/adc.o
 .debug_macro   0x000070af      0x621 src/ASF/sam0/drivers/adc/adc_sam_l_c/adc.o
 .debug_macro   0x000076d0      0x225 src/ASF/sam0/drivers/adc/adc_sam_l_c/adc.o
 .debug_macro   0x000078f5      0x7aa src/ASF/sam0/drivers/adc/adc_sam_l_c/adc.o
 .debug_macro   0x0000809f      0x162 src/ASF/sam0/drivers/adc/adc_sam_l_c/adc.o
 .debug_macro   0x00008201      0x719 src/ASF/sam0/drivers/adc/adc_sam_l_c/adc.o
 .debug_macro   0x0000891a      0x293 src/ASF/sam0/drivers/adc/adc_sam_l_c/adc.o
 .debug_macro   0x00008bad      0x702 src/ASF/sam0/drivers/adc/adc_sam_l_c/adc.o
 .debug_macro   0x000092af      0x2a3 src/ASF/sam0/drivers/adc/adc_sam_l_c/adc.o
 .debug_macro   0x00009552      0x3cb src/ASF/sam0/drivers/adc/adc_sam_l_c/adc.o
 .debug_macro   0x0000991d      0x1ae src/ASF/sam0/drivers/adc/adc_sam_l_c/adc.o
 .debug_macro   0x00009acb     0x11d9 src/ASF/sam0/drivers/adc/adc_sam_l_c/adc.o
 .debug_macro   0x0000aca4      0xf4e src/ASF/sam0/drivers/adc/adc_sam_l_c/adc.o
 .debug_macro   0x0000bbf2      0x857 src/ASF/sam0/drivers/adc/adc_sam_l_c/adc.o
 .debug_macro   0x0000c449      0xa39 src/ASF/sam0/drivers/adc/adc_sam_l_c/adc.o
 .debug_macro   0x0000ce82      0x830 src/ASF/sam0/drivers/adc/adc_sam_l_c/adc.o
 .debug_macro   0x0000d6b2     0x1b45 src/ASF/sam0/drivers/adc/adc_sam_l_c/adc.o
 .debug_macro   0x0000f1f7       0xea src/ASF/sam0/drivers/adc/adc_sam_l_c/adc.o
 .debug_macro   0x0000f2e1     0x13b0 src/ASF/sam0/drivers/adc/adc_sam_l_c/adc.o
 .debug_macro   0x00010691      0x378 src/ASF/sam0/drivers/adc/adc_sam_l_c/adc.o
 .debug_macro   0x00010a09       0x7c src/ASF/sam0/drivers/adc/adc_sam_l_c/adc.o
 .debug_macro   0x00010a85       0xac src/ASF/sam0/drivers/adc/adc_sam_l_c/adc.o
 .debug_macro   0x00010b31       0xca src/ASF/sam0/drivers/adc/adc_sam_l_c/adc.o
 .debug_macro   0x00010bfb       0x4c src/ASF/sam0/drivers/adc/adc_sam_l_c/adc.o
 .debug_macro   0x00010c47       0x94 src/ASF/sam0/drivers/adc/adc_sam_l_c/adc.o
 .debug_macro   0x00010cdb       0xd6 src/ASF/sam0/drivers/adc/adc_sam_l_c/adc.o
 .debug_macro   0x00010db1       0xb2 src/ASF/sam0/drivers/adc/adc_sam_l_c/adc.o
 .debug_macro   0x00010e63       0x58 src/ASF/sam0/drivers/adc/adc_sam_l_c/adc.o
 .debug_macro   0x00010ebb      0x5d5 src/ASF/sam0/drivers/adc/adc_sam_l_c/adc.o
 .debug_macro   0x00011490      0x19d src/ASF/sam0/drivers/adc/adc_sam_l_c/adc.o
 .debug_macro   0x0001162d       0x70 src/ASF/sam0/drivers/adc/adc_sam_l_c/adc.o
 .debug_macro   0x0001169d       0xa0 src/ASF/sam0/drivers/adc/adc_sam_l_c/adc.o
 .debug_macro   0x0001173d       0xc4 src/ASF/sam0/drivers/adc/adc_sam_l_c/adc.o
 .debug_macro   0x00011801       0x28 src/ASF/sam0/drivers/adc/adc_sam_l_c/adc.o
 .debug_macro   0x00011829       0xa0 src/ASF/sam0/drivers/adc/adc_sam_l_c/adc.o
 .debug_macro   0x000118c9       0x40 src/ASF/sam0/drivers/adc/adc_sam_l_c/adc.o
 .debug_macro   0x00011909       0x76 src/ASF/sam0/drivers/adc/adc_sam_l_c/adc.o
 .debug_macro   0x0001197f       0x40 src/ASF/sam0/drivers/adc/adc_sam_l_c/adc.o
 .debug_macro   0x000119bf      0x178 src/ASF/sam0/drivers/adc/adc_sam_l_c/adc.o
 .debug_macro   0x00011b37       0x34 src/ASF/sam0/drivers/adc/adc_sam_l_c/adc.o
 .debug_macro   0x00011b6b       0xee src/ASF/sam0/drivers/adc/adc_sam_l_c/adc.o
 .debug_macro   0x00011c59      0x136 src/ASF/sam0/drivers/adc/adc_sam_l_c/adc.o
 .debug_macro   0x00011d8f      0x136 src/ASF/sam0/drivers/adc/adc_sam_l_c/adc.o
 .debug_macro   0x00011ec5      0x136 src/ASF/sam0/drivers/adc/adc_sam_l_c/adc.o
 .debug_macro   0x00011ffb      0x136 src/ASF/sam0/drivers/adc/adc_sam_l_c/adc.o
 .debug_macro   0x00012131      0x136 src/ASF/sam0/drivers/adc/adc_sam_l_c/adc.o
 .debug_macro   0x00012267      0x136 src/ASF/sam0/drivers/adc/adc_sam_l_c/adc.o
 .debug_macro   0x0001239d       0x5e src/ASF/sam0/drivers/adc/adc_sam_l_c/adc.o
 .debug_macro   0x000123fb      0x1a6 src/ASF/sam0/drivers/adc/adc_sam_l_c/adc.o
 .debug_macro   0x000125a1       0xfa src/ASF/sam0/drivers/adc/adc_sam_l_c/adc.o
 .debug_macro   0x0001269b       0xfa src/ASF/sam0/drivers/adc/adc_sam_l_c/adc.o
 .debug_macro   0x00012795       0xfa src/ASF/sam0/drivers/adc/adc_sam_l_c/adc.o
 .debug_macro   0x0001288f       0xfa src/ASF/sam0/drivers/adc/adc_sam_l_c/adc.o
 .debug_macro   0x00012989       0xfa src/ASF/sam0/drivers/adc/adc_sam_l_c/adc.o
 .debug_macro   0x00012a83      0x12c src/ASF/sam0/drivers/adc/adc_sam_l_c/adc.o
 .debug_macro   0x00012baf      0x100 src/ASF/sam0/drivers/adc/adc_sam_l_c/adc.o
 .debug_macro   0x00012caf       0xf4 src/ASF/sam0/drivers/adc/adc_sam_l_c/adc.o
 .debug_macro   0x00012da3       0x2e src/ASF/sam0/drivers/adc/adc_sam_l_c/adc.o
 .debug_macro   0x00012dd1      0x408 src/ASF/sam0/drivers/adc/adc_sam_l_c/adc.o
 .debug_macro   0x000131d9       0x3a src/ASF/sam0/drivers/adc/adc_sam_l_c/adc.o
 .debug_macro   0x00013213      0x433 src/ASF/sam0/drivers/adc/adc_sam_l_c/adc.o
 .debug_macro   0x00013646     0x2433 src/ASF/sam0/drivers/adc/adc_sam_l_c/adc.o
 .debug_macro   0x00015a79       0x90 src/ASF/sam0/drivers/adc/adc_sam_l_c/adc.o
 .debug_macro   0x00015b09       0x52 src/ASF/sam0/drivers/adc/adc_sam_l_c/adc.o
 .debug_macro   0x00015b5b       0x35 src/ASF/sam0/drivers/adc/adc_sam_l_c/adc.o
 .debug_macro   0x00015b90       0x9c src/ASF/sam0/drivers/adc/adc_sam_l_c/adc.o
 .debug_macro   0x00015c2c       0x16 src/ASF/sam0/drivers/adc/adc_sam_l_c/adc.o
 .debug_macro   0x00015c42       0x35 src/ASF/sam0/drivers/adc/adc_sam_l_c/adc.o
 .debug_macro   0x00015c77      0x330 src/ASF/sam0/drivers/adc/adc_sam_l_c/adc.o
 .debug_macro   0x00015fa7       0x10 src/ASF/sam0/drivers/adc/adc_sam_l_c/adc.o
 .debug_macro   0x00015fb7       0x52 src/ASF/sam0/drivers/adc/adc_sam_l_c/adc.o
 .debug_macro   0x00016009       0x1f src/ASF/sam0/drivers/adc/adc_sam_l_c/adc.o
 .debug_macro   0x00016028       0x43 src/ASF/sam0/drivers/adc/adc_sam_l_c/adc.o
 .debug_macro   0x0001606b       0x20 src/ASF/sam0/drivers/adc/adc_sam_l_c/adc.o
 .debug_macro   0x0001608b      0x187 src/ASF/sam0/drivers/adc/adc_sam_l_c/adc.o
 .debug_macro   0x00016212       0x10 src/ASF/sam0/drivers/adc/adc_sam_l_c/adc.o
 .debug_macro   0x00016222       0x1c src/ASF/sam0/drivers/adc/adc_sam_l_c/adc.o
 .debug_macro   0x0001623e       0x52 src/ASF/sam0/drivers/adc/adc_sam_l_c/adc.o
 .debug_macro   0x00016290       0x40 src/ASF/sam0/drivers/adc/adc_sam_l_c/adc.o
 .debug_macro   0x000162d0       0x10 src/ASF/sam0/drivers/adc/adc_sam_l_c/adc.o
 .debug_macro   0x000162e0       0x40 src/ASF/sam0/drivers/adc/adc_sam_l_c/adc.o
 .debug_macro   0x00016320       0xd7 src/ASF/sam0/drivers/adc/adc_sam_l_c/adc.o
 .debug_macro   0x000163f7       0x16 src/ASF/sam0/drivers/adc/adc_sam_l_c/adc.o
 .debug_macro   0x0001640d      0x18b src/ASF/sam0/drivers/adc/adc_sam_l_c/adc.o
 .debug_macro   0x00016598       0x16 src/ASF/sam0/drivers/adc/adc_sam_l_c/adc.o
 .debug_macro   0x000165ae       0x16 src/ASF/sam0/drivers/adc/adc_sam_l_c/adc.o
 .debug_macro   0x000165c4       0x29 src/ASF/sam0/drivers/adc/adc_sam_l_c/adc.o
 .debug_macro   0x000165ed       0x51 src/ASF/sam0/drivers/adc/adc_sam_l_c/adc.o
 .debug_macro   0x0001663e       0x3f src/ASF/sam0/drivers/adc/adc_sam_l_c/adc.o
 .debug_macro   0x0001667d      0x3df src/ASF/sam0/drivers/adc/adc_sam_l_c/adc.o
 .debug_macro   0x00016a5c       0x18 src/ASF/sam0/drivers/adc/adc_sam_l_c/adc.o
 .debug_macro   0x00016a74       0x2e src/ASF/sam0/drivers/adc/adc_sam_l_c/adc.o
 .debug_macro   0x00016aa2       0x19 src/ASF/sam0/drivers/adc/adc_sam_l_c/adc.o
 .debug_macro   0x00016abb      0x615 src/ASF/sam0/drivers/adc/adc_sam_l_c/adc_callback.o
 .debug_macro   0x000170d0      0x607 src/ASF/sam0/drivers/dac/dac_sam_l/dac.o
 .debug_macro   0x000176d7       0x26 src/ASF/sam0/drivers/dac/dac_sam_l/dac.o
 .debug_macro   0x000176fd      0x5eb src/ASF/sam0/drivers/dac/dac_sam_l/dac_callback.o
 .debug_macro   0x00017ce8      0x644 src/ASF/sam0/drivers/sercom/i2c/i2c_sam0/i2c_slave.o
 .debug_macro   0x0001832c       0xb2 src/ASF/sam0/drivers/sercom/i2c/i2c_sam0/i2c_slave.o
 .debug_macro   0x000183de       0x10 src/ASF/sam0/drivers/sercom/i2c/i2c_sam0/i2c_slave.o
 .debug_macro   0x000183ee       0x27 src/ASF/sam0/drivers/sercom/i2c/i2c_sam0/i2c_slave.o
 .debug_macro   0x00018415       0x40 src/ASF/sam0/drivers/sercom/i2c/i2c_sam0/i2c_slave.o
 .debug_macro   0x00018455      0x641 src/ASF/sam0/drivers/sercom/i2c/i2c_sam0/i2c_slave_interrupt.o
 .debug_macro   0x00018a96      0x61f src/ASF/sam0/drivers/sercom/sercom.o
 .debug_macro   0x000190b5      0x61d src/ASF/sam0/drivers/sercom/sercom_interrupt.o
 .debug_macro   0x000196d2      0x58a src/ASF/common/utils/interrupt/interrupt_sam_nvic.o
 .debug_macro   0x00019c5c      0x5c6 src/ASF/sam0/boards/saml21_xplained_pro/board_init.o
 .debug_macro   0x0001a222      0x2c6 src/ASF/sam0/boards/saml21_xplained_pro/board_init.o
 .debug_macro   0x0001a4e8      0x917 src/ASF/sam0/boards/saml21_xplained_pro/board_init.o
 .debug_macro   0x0001adff       0x19 src/ASF/sam0/boards/saml21_xplained_pro/board_init.o
 .debug_macro   0x0001ae18      0x5a4 src/ASF/sam0/drivers/port/port.o
 .debug_macro   0x0001b3bc      0x5f5 src/ASF/sam0/drivers/system/clock/clock_saml21/clock.o
 .debug_macro   0x0001b9b1      0x29e src/ASF/sam0/drivers/system/clock/clock_saml21/clock.o
 .debug_macro   0x0001bc4f      0x5c1 src/ASF/sam0/drivers/system/clock/clock_saml21/gclk.o
 .debug_macro   0x0001c210      0x59a src/ASF/sam0/drivers/system/pinmux/pinmux.o
 .debug_macro   0x0001c7aa       0x12 src/ASF/sam0/drivers/system/pinmux/pinmux.o
 .debug_macro   0x0001c7bc      0x5d1 src/ASF/sam0/drivers/system/system.o
 .debug_macro   0x0001cd8d      0x6d5 src/ASF/sam0/drivers/tcc/tcc.o
 .debug_macro   0x0001d462       0x19 src/ASF/sam0/drivers/tcc/tcc.o
 .debug_macro   0x0001d47b       0x7b src/ASF/sam0/drivers/tcc/tcc.o
 .debug_macro   0x0001d4f6      0x608 src/ASF/sam0/drivers/tcc/tcc_callback.o
 .debug_macro   0x0001dafe      0x5fc src/ASF/sam0/drivers/tc/tc_interrupt.o
 .debug_macro   0x0001e0fa       0x3c src/ASF/sam0/drivers/tc/tc_interrupt.o
 .debug_macro   0x0001e136       0x66 src/ASF/sam0/drivers/tc/tc_interrupt.o
 .debug_macro   0x0001e19c      0x5f9 src/ASF/sam0/drivers/tc/tc_sam_l_c/tc.o
 .debug_macro   0x0001e795      0x371 src/ASF/sam0/utils/cmsis/saml21/source/gcc/startup_saml21.o
 .debug_macro   0x0001eb06       0x3a src/ASF/sam0/utils/cmsis/saml21/source/gcc/startup_saml21.o
 .debug_macro   0x0001eb40      0x783 src/main.o
 .debug_macro   0x0001f2c3       0x10 src/main.o
 .debug_macro   0x0001f2d3       0x1f src/main.o
 .debug_macro   0x0001f2f2       0x2d src/main.o
 .debug_macro   0x0001f31f       0xa4 src/main.o
 .debug_macro   0x0001f3c3       0x96 src/main.o
 .debug_macro   0x0001f459       0x9a src/main.o
 .debug_macro   0x0001f4f3      0x1e1 src/main.o
 .debug_macro   0x0001f6d4       0x58 src/main.o
 .debug_macro   0x0001f72c       0x10 src/main.o
 .debug_macro   0x0001f73c       0x82 src/main.o
 .debug_macro   0x0001f7be       0x5e src/main.o
 .debug_macro   0x0001f81c       0x16 src/main.o

.debug_line     0x00000000    0x10aa2
 .debug_line    0x00000000      0xe2f src/ASF/sam0/drivers/adc/adc_sam_l_c/adc.o
 .debug_line    0x00000e2f      0xcd8 src/ASF/sam0/drivers/adc/adc_sam_l_c/adc_callback.o
 .debug_line    0x00001b07      0xdd0 src/ASF/sam0/drivers/dac/dac_sam_l/dac.o
 .debug_line    0x000028d7      0xc70 src/ASF/sam0/drivers/dac/dac_sam_l/dac_callback.o
 .debug_line    0x00003547      0xe95 src/ASF/sam0/drivers/sercom/i2c/i2c_sam0/i2c_slave.o
 .debug_line    0x000043dc      0xe41 src/ASF/sam0/drivers/sercom/i2c/i2c_sam0/i2c_slave_interrupt.o
 .debug_line    0x0000521d      0xcbc src/ASF/sam0/drivers/sercom/sercom.o
 .debug_line    0x00005ed9      0xc5f src/ASF/sam0/drivers/sercom/sercom_interrupt.o
 .debug_line    0x00006b38      0x9c9 src/ASF/common/utils/interrupt/interrupt_sam_nvic.o
 .debug_line    0x00007501      0xa70 src/ASF/sam0/boards/saml21_xplained_pro/board_init.o
 .debug_line    0x00007f71      0x9f5 src/ASF/sam0/drivers/port/port.o
 .debug_line    0x00008966      0xd72 src/ASF/sam0/drivers/system/clock/clock_saml21/clock.o
 .debug_line    0x000096d8      0xcfe src/ASF/sam0/drivers/system/clock/clock_saml21/gclk.o
 .debug_line    0x0000a3d6      0xa42 src/ASF/sam0/drivers/system/pinmux/pinmux.o
 .debug_line    0x0000ae18      0xad9 src/ASF/sam0/drivers/system/system.o
 .debug_line    0x0000b8f1      0xf21 src/ASF/sam0/drivers/tcc/tcc.o
 .debug_line    0x0000c812      0xba7 src/ASF/sam0/drivers/tcc/tcc_callback.o
 .debug_line    0x0000d3b9      0xb93 src/ASF/sam0/drivers/tc/tc_interrupt.o
 .debug_line    0x0000df4c      0xecc src/ASF/sam0/drivers/tc/tc_sam_l_c/tc.o
 .debug_line    0x0000ee18      0x741 src/ASF/sam0/utils/cmsis/saml21/source/gcc/startup_saml21.o
 .debug_line    0x0000f559     0x1549 src/main.o

.debug_str      0x00000000    0xa02c8
 .debug_str     0x00000000    0x923d7 src/ASF/sam0/drivers/adc/adc_sam_l_c/adc.o
                              0x92adc (size before relaxing)
 .debug_str     0x000923d7      0x1a0 src/ASF/sam0/drivers/adc/adc_sam_l_c/adc_callback.o
                              0x9184c (size before relaxing)
 .debug_str     0x00092577      0x6c1 src/ASF/sam0/drivers/dac/dac_sam_l/dac.o
                              0x91f85 (size before relaxing)
 .debug_str     0x00092c38      0x579 src/ASF/sam0/drivers/dac/dac_sam_l/dac_callback.o
                              0x91ab8 (size before relaxing)
 .debug_str     0x000931b1     0x1671 src/ASF/sam0/drivers/sercom/i2c/i2c_sam0/i2c_slave.o
                              0x9318d (size before relaxing)
 .debug_str     0x00094822      0x25e src/ASF/sam0/drivers/sercom/i2c/i2c_sam0/i2c_slave_interrupt.o
                              0x92165 (size before relaxing)
 .debug_str     0x00094a80      0x367 src/ASF/sam0/drivers/sercom/sercom.o
                              0x9219c (size before relaxing)
 .debug_str     0x00094de7      0x158 src/ASF/sam0/drivers/sercom/sercom_interrupt.o
                              0x92038 (size before relaxing)
 .debug_str     0x00094f3f       0x66 src/ASF/common/utils/interrupt/interrupt_sam_nvic.o
                              0x90aaa (size before relaxing)
 .debug_str     0x00094fa5     0x38a1 src/ASF/sam0/boards/saml21_xplained_pro/board_init.o
                              0x943a1 (size before relaxing)
 .debug_str     0x00098846       0x5e src/ASF/sam0/drivers/port/port.o
                              0x90f4e (size before relaxing)
 .debug_str     0x000988a4     0x29f9 src/ASF/sam0/drivers/system/clock/clock_saml21/clock.o
                              0x93fe9 (size before relaxing)
 .debug_str     0x0009b29d      0x190 src/ASF/sam0/drivers/system/clock/clock_saml21/gclk.o
                              0x91775 (size before relaxing)
 .debug_str     0x0009b42d      0x179 src/ASF/sam0/drivers/system/pinmux/pinmux.o
                              0x90faa (size before relaxing)
 .debug_str     0x0009b5a6       0x47 src/ASF/sam0/drivers/system/system.o
                              0x90b3a (size before relaxing)
 .debug_str     0x0009b5ed     0x27ce src/ASF/sam0/drivers/tcc/tcc.o
                              0x94120 (size before relaxing)
 .debug_str     0x0009ddbb      0x1a2 src/ASF/sam0/drivers/tcc/tcc_callback.o
                              0x924dc (size before relaxing)
 .debug_str     0x0009df5d      0x769 src/ASF/sam0/drivers/tc/tc_interrupt.o
                              0x91a31 (size before relaxing)
 .debug_str     0x0009e6c6      0x419 src/ASF/sam0/drivers/tc/tc_sam_l_c/tc.o
                              0x92261 (size before relaxing)
 .debug_str     0x0009eadf      0x3d1 src/ASF/sam0/utils/cmsis/saml21/source/gcc/startup_saml21.o
                              0x7bfc0 (size before relaxing)
 .debug_str     0x0009eeb0     0x1418 src/main.o
                              0x9b09e (size before relaxing)

.debug_frame    0x00000000     0x174c
 .debug_frame   0x00000000       0x7c src/ASF/sam0/drivers/adc/adc_sam_l_c/adc.o
 .debug_frame   0x0000007c       0x84 src/ASF/sam0/drivers/adc/adc_sam_l_c/adc_callback.o
 .debug_frame   0x00000100      0x1a0 src/ASF/sam0/drivers/dac/dac_sam_l/dac.o
 .debug_frame   0x000002a0       0xf4 src/ASF/sam0/drivers/dac/dac_sam_l/dac_callback.o
 .debug_frame   0x00000394      0x118 src/ASF/sam0/drivers/sercom/i2c/i2c_sam0/i2c_slave.o
 .debug_frame   0x000004ac       0x9c src/ASF/sam0/drivers/sercom/i2c/i2c_sam0/i2c_slave_interrupt.o
 .debug_frame   0x00000548       0xbc src/ASF/sam0/drivers/sercom/sercom.o
 .debug_frame   0x00000604       0xe8 src/ASF/sam0/drivers/sercom/sercom_interrupt.o
 .debug_frame   0x000006ec       0x30 src/ASF/common/utils/interrupt/interrupt_sam_nvic.o
 .debug_frame   0x0000071c       0x30 src/ASF/sam0/boards/saml21_xplained_pro/board_init.o
 .debug_frame   0x0000074c       0x44 src/ASF/sam0/drivers/port/port.o
 .debug_frame   0x00000790      0x154 src/ASF/sam0/drivers/system/clock/clock_saml21/clock.o
 .debug_frame   0x000008e4      0x150 src/ASF/sam0/drivers/system/clock/clock_saml21/gclk.o
 .debug_frame   0x00000a34       0x98 src/ASF/sam0/drivers/system/pinmux/pinmux.o
 .debug_frame   0x00000acc       0x38 src/ASF/sam0/drivers/system/system.o
 .debug_frame   0x00000b04      0x21c src/ASF/sam0/drivers/tcc/tcc.o
 .debug_frame   0x00000d20       0xd4 src/ASF/sam0/drivers/tcc/tcc_callback.o
 .debug_frame   0x00000df4       0xc4 src/ASF/sam0/drivers/tc/tc_interrupt.o
 .debug_frame   0x00000eb8       0xbc src/ASF/sam0/drivers/tc/tc_sam_l_c/tc.o
 .debug_frame   0x00000f74       0x38 src/ASF/sam0/utils/cmsis/saml21/source/gcc/startup_saml21.o
 .debug_frame   0x00000fac      0x348 src/main.o
 .debug_frame   0x000012f4       0x30 c:/program files (x86)/atmel/studio/7.0/toolchain/arm/arm-gnu-toolchain/bin/../lib/gcc/arm-none-eabi/6.2.1/../../../../arm-none-eabi/lib/thumb/v6-m\libm.a(lib_a-s_round.o)
 .debug_frame   0x00001324       0x20 c:/program files (x86)/atmel/studio/7.0/toolchain/arm/arm-gnu-toolchain/bin/../lib/gcc/arm-none-eabi/6.2.1/thumb/v6-m\libgcc.a(_udivsi3.o)
 .debug_frame   0x00001344       0x28 c:/program files (x86)/atmel/studio/7.0/toolchain/arm/arm-gnu-toolchain/bin/../lib/gcc/arm-none-eabi/6.2.1/thumb/v6-m\libgcc.a(_fixunssfsi.o)
 .debug_frame   0x0000136c       0x2c c:/program files (x86)/atmel/studio/7.0/toolchain/arm/arm-gnu-toolchain/bin/../lib/gcc/arm-none-eabi/6.2.1/thumb/v6-m\libgcc.a(_fixunsdfsi.o)
 .debug_frame   0x00001398       0x3c c:/program files (x86)/atmel/studio/7.0/toolchain/arm/arm-gnu-toolchain/bin/../lib/gcc/arm-none-eabi/6.2.1/thumb/v6-m\libgcc.a(mulsf3.o)
 .debug_frame   0x000013d4       0x38 c:/program files (x86)/atmel/studio/7.0/toolchain/arm/arm-gnu-toolchain/bin/../lib/gcc/arm-none-eabi/6.2.1/thumb/v6-m\libgcc.a(subsf3.o)
 .debug_frame   0x0000140c       0x20 c:/program files (x86)/atmel/studio/7.0/toolchain/arm/arm-gnu-toolchain/bin/../lib/gcc/arm-none-eabi/6.2.1/thumb/v6-m\libgcc.a(fixsfsi.o)
 .debug_frame   0x0000142c       0x2c c:/program files (x86)/atmel/studio/7.0/toolchain/arm/arm-gnu-toolchain/bin/../lib/gcc/arm-none-eabi/6.2.1/thumb/v6-m\libgcc.a(floatsisf.o)
 .debug_frame   0x00001458       0x3c c:/program files (x86)/atmel/studio/7.0/toolchain/arm/arm-gnu-toolchain/bin/../lib/gcc/arm-none-eabi/6.2.1/thumb/v6-m\libgcc.a(adddf3.o)
 .debug_frame   0x00001494       0x3c c:/program files (x86)/atmel/studio/7.0/toolchain/arm/arm-gnu-toolchain/bin/../lib/gcc/arm-none-eabi/6.2.1/thumb/v6-m\libgcc.a(divdf3.o)
 .debug_frame   0x000014d0       0x3c c:/program files (x86)/atmel/studio/7.0/toolchain/arm/arm-gnu-toolchain/bin/../lib/gcc/arm-none-eabi/6.2.1/thumb/v6-m\libgcc.a(muldf3.o)
 .debug_frame   0x0000150c       0x38 c:/program files (x86)/atmel/studio/7.0/toolchain/arm/arm-gnu-toolchain/bin/../lib/gcc/arm-none-eabi/6.2.1/thumb/v6-m\libgcc.a(subdf3.o)
 .debug_frame   0x00001544       0x2c c:/program files (x86)/atmel/studio/7.0/toolchain/arm/arm-gnu-toolchain/bin/../lib/gcc/arm-none-eabi/6.2.1/thumb/v6-m\libgcc.a(fixdfsi.o)
 .debug_frame   0x00001570       0x2c c:/program files (x86)/atmel/studio/7.0/toolchain/arm/arm-gnu-toolchain/bin/../lib/gcc/arm-none-eabi/6.2.1/thumb/v6-m\libgcc.a(floatsidf.o)
 .debug_frame   0x0000159c       0x28 c:/program files (x86)/atmel/studio/7.0/toolchain/arm/arm-gnu-toolchain/bin/../lib/gcc/arm-none-eabi/6.2.1/thumb/v6-m\libgcc.a(floatunsidf.o)
 .debug_frame   0x000015c4       0x2c c:/program files (x86)/atmel/studio/7.0/toolchain/arm/arm-gnu-toolchain/bin/../lib/gcc/arm-none-eabi/6.2.1/thumb/v6-m\libgcc.a(eqsf2.o)
 .debug_frame   0x000015f0       0x30 c:/program files (x86)/atmel/studio/7.0/toolchain/arm/arm-gnu-toolchain/bin/../lib/gcc/arm-none-eabi/6.2.1/thumb/v6-m\libgcc.a(gesf2.o)
 .debug_frame   0x00001620       0x30 c:/program files (x86)/atmel/studio/7.0/toolchain/arm/arm-gnu-toolchain/bin/../lib/gcc/arm-none-eabi/6.2.1/thumb/v6-m\libgcc.a(lesf2.o)
 .debug_frame   0x00001650       0x38 c:/program files (x86)/atmel/studio/7.0/toolchain/arm/arm-gnu-toolchain/bin/../lib/gcc/arm-none-eabi/6.2.1/thumb/v6-m\libgcc.a(eqdf2.o)
 .debug_frame   0x00001688       0x38 c:/program files (x86)/atmel/studio/7.0/toolchain/arm/arm-gnu-toolchain/bin/../lib/gcc/arm-none-eabi/6.2.1/thumb/v6-m\libgcc.a(gedf2.o)
 .debug_frame   0x000016c0       0x38 c:/program files (x86)/atmel/studio/7.0/toolchain/arm/arm-gnu-toolchain/bin/../lib/gcc/arm-none-eabi/6.2.1/thumb/v6-m\libgcc.a(ledf2.o)
 .debug_frame   0x000016f8       0x2c c:/program files (x86)/atmel/studio/7.0/toolchain/arm/arm-gnu-toolchain/bin/../lib/gcc/arm-none-eabi/6.2.1/../../../../arm-none-eabi/lib/thumb/v6-m\libc_nano.a(lib_a-init.o)
 .debug_frame   0x00001724       0x28 c:/program files (x86)/atmel/studio/7.0/toolchain/arm/arm-gnu-toolchain/bin/../lib/gcc/arm-none-eabi/6.2.1/../../../../arm-none-eabi/lib/thumb/v6-m\libc_nano.a(lib_a-memcpy-stub.o)

Cross Reference Table

Symbol                                            File
AC_Handler                                        src/ASF/sam0/utils/cmsis/saml21/source/gcc/startup_saml21.o
ADC_Handler                                       src/ASF/sam0/drivers/adc/adc_sam_l_c/adc_callback.o
AES_Handler                                       src/ASF/sam0/utils/cmsis/saml21/source/gcc/startup_saml21.o
DAC_Handler                                       src/ASF/sam0/drivers/dac/dac_sam_l/dac_callback.o
DMAC_Handler                                      src/ASF/sam0/utils/cmsis/saml21/source/gcc/startup_saml21.o
Dummy_Handler                                     src/ASF/sam0/utils/cmsis/saml21/source/gcc/startup_saml21.o
EIC_Handler                                       src/ASF/sam0/utils/cmsis/saml21/source/gcc/startup_saml21.o
EVSYS_Handler                                     src/ASF/sam0/utils/cmsis/saml21/source/gcc/startup_saml21.o
HardFault_Handler                                 src/ASF/sam0/utils/cmsis/saml21/source/gcc/startup_saml21.o
NMI_Handler                                       src/ASF/sam0/utils/cmsis/saml21/source/gcc/startup_saml21.o
NVMCTRL_Handler                                   src/ASF/sam0/utils/cmsis/saml21/source/gcc/startup_saml21.o
PTC_Handler                                       src/ASF/sam0/utils/cmsis/saml21/source/gcc/startup_saml21.o
PendSV_Handler                                    src/ASF/sam0/utils/cmsis/saml21/source/gcc/startup_saml21.o
RTC_Handler                                       src/ASF/sam0/utils/cmsis/saml21/source/gcc/startup_saml21.o
Reset_Handler                                     src/ASF/sam0/utils/cmsis/saml21/source/gcc/startup_saml21.o
SERCOM0_Handler                                   src/ASF/sam0/drivers/sercom/sercom_interrupt.o
SERCOM1_Handler                                   src/ASF/sam0/drivers/sercom/sercom_interrupt.o
SERCOM2_Handler                                   src/ASF/sam0/drivers/sercom/sercom_interrupt.o
SERCOM3_Handler                                   src/ASF/sam0/drivers/sercom/sercom_interrupt.o
SERCOM4_Handler                                   src/ASF/sam0/drivers/sercom/sercom_interrupt.o
SERCOM5_Handler                                   src/ASF/sam0/drivers/sercom/sercom_interrupt.o
SVC_Handler                                       src/ASF/sam0/utils/cmsis/saml21/source/gcc/startup_saml21.o
SYSTEM_Handler                                    src/ASF/sam0/utils/cmsis/saml21/source/gcc/startup_saml21.o
SysTick_Handler                                   src/ASF/sam0/utils/cmsis/saml21/source/gcc/startup_saml21.o
SystemCoreClock                                   src/ASF/sam0/utils/cmsis/saml21/source/system_saml21.o
SystemCoreClockUpdate                             src/ASF/sam0/utils/cmsis/saml21/source/system_saml21.o
SystemInit                                        src/ASF/sam0/utils/cmsis/saml21/source/system_saml21.o
TC0_Handler                                       src/ASF/sam0/drivers/tc/tc_interrupt.o
TC1_Handler                                       src/ASF/sam0/drivers/tc/tc_interrupt.o
TC2_Handler                                       src/ASF/sam0/drivers/tc/tc_interrupt.o
TC3_Handler                                       src/ASF/sam0/drivers/tc/tc_interrupt.o
TC4_Handler                                       src/ASF/sam0/drivers/tc/tc_interrupt.o
TCC0_Handler                                      src/ASF/sam0/drivers/tcc/tcc_callback.o
TCC1_Handler                                      src/ASF/sam0/drivers/tcc/tcc_callback.o
TCC2_Handler                                      src/ASF/sam0/drivers/tcc/tcc_callback.o
TRNG_Handler                                      src/ASF/sam0/utils/cmsis/saml21/source/gcc/startup_saml21.o
USB_Handler                                       src/ASF/sam0/utils/cmsis/saml21/source/gcc/startup_saml21.o
WDT_Handler                                       src/ASF/sam0/utils/cmsis/saml21/source/gcc/startup_saml21.o
_Jv_RegisterClasses                               c:/program files (x86)/atmel/studio/7.0/toolchain/arm/arm-gnu-toolchain/bin/../lib/gcc/arm-none-eabi/6.2.1/thumb/v6-m/crtbegin.o
__aeabi_cdcmpeq                                   c:/program files (x86)/atmel/studio/7.0/toolchain/arm/arm-gnu-toolchain/bin/../lib/gcc/arm-none-eabi/6.2.1/thumb/v6-m\libgcc.a(_arm_cmpdf2.o)
__aeabi_cdcmple                                   c:/program files (x86)/atmel/studio/7.0/toolchain/arm/arm-gnu-toolchain/bin/../lib/gcc/arm-none-eabi/6.2.1/thumb/v6-m\libgcc.a(_arm_cmpdf2.o)
__aeabi_cdrcmple                                  c:/program files (x86)/atmel/studio/7.0/toolchain/arm/arm-gnu-toolchain/bin/../lib/gcc/arm-none-eabi/6.2.1/thumb/v6-m\libgcc.a(_arm_cmpdf2.o)
__aeabi_cfcmpeq                                   c:/program files (x86)/atmel/studio/7.0/toolchain/arm/arm-gnu-toolchain/bin/../lib/gcc/arm-none-eabi/6.2.1/thumb/v6-m\libgcc.a(_arm_cmpsf2.o)
__aeabi_cfcmple                                   c:/program files (x86)/atmel/studio/7.0/toolchain/arm/arm-gnu-toolchain/bin/../lib/gcc/arm-none-eabi/6.2.1/thumb/v6-m\libgcc.a(_arm_cmpsf2.o)
__aeabi_cfrcmple                                  c:/program files (x86)/atmel/studio/7.0/toolchain/arm/arm-gnu-toolchain/bin/../lib/gcc/arm-none-eabi/6.2.1/thumb/v6-m\libgcc.a(_arm_cmpsf2.o)
__aeabi_d2iz                                      c:/program files (x86)/atmel/studio/7.0/toolchain/arm/arm-gnu-toolchain/bin/../lib/gcc/arm-none-eabi/6.2.1/thumb/v6-m\libgcc.a(fixdfsi.o)
                                                  c:/program files (x86)/atmel/studio/7.0/toolchain/arm/arm-gnu-toolchain/bin/../lib/gcc/arm-none-eabi/6.2.1/thumb/v6-m\libgcc.a(_fixunsdfsi.o)
__aeabi_d2uiz                                     c:/program files (x86)/atmel/studio/7.0/toolchain/arm/arm-gnu-toolchain/bin/../lib/gcc/arm-none-eabi/6.2.1/thumb/v6-m\libgcc.a(_fixunsdfsi.o)
                                                  src/main.o
__aeabi_dadd                                      c:/program files (x86)/atmel/studio/7.0/toolchain/arm/arm-gnu-toolchain/bin/../lib/gcc/arm-none-eabi/6.2.1/thumb/v6-m\libgcc.a(adddf3.o)
                                                  c:/program files (x86)/atmel/studio/7.0/toolchain/arm/arm-gnu-toolchain/bin/../lib/gcc/arm-none-eabi/6.2.1/../../../../arm-none-eabi/lib/thumb/v6-m\libm.a(lib_a-s_round.o)
__aeabi_dcmpeq                                    c:/program files (x86)/atmel/studio/7.0/toolchain/arm/arm-gnu-toolchain/bin/../lib/gcc/arm-none-eabi/6.2.1/thumb/v6-m\libgcc.a(_arm_cmpdf2.o)
__aeabi_dcmpge                                    c:/program files (x86)/atmel/studio/7.0/toolchain/arm/arm-gnu-toolchain/bin/../lib/gcc/arm-none-eabi/6.2.1/thumb/v6-m\libgcc.a(_arm_cmpdf2.o)
                                                  c:/program files (x86)/atmel/studio/7.0/toolchain/arm/arm-gnu-toolchain/bin/../lib/gcc/arm-none-eabi/6.2.1/thumb/v6-m\libgcc.a(_fixunsdfsi.o)
__aeabi_dcmpgt                                    c:/program files (x86)/atmel/studio/7.0/toolchain/arm/arm-gnu-toolchain/bin/../lib/gcc/arm-none-eabi/6.2.1/thumb/v6-m\libgcc.a(_arm_cmpdf2.o)
__aeabi_dcmple                                    c:/program files (x86)/atmel/studio/7.0/toolchain/arm/arm-gnu-toolchain/bin/../lib/gcc/arm-none-eabi/6.2.1/thumb/v6-m\libgcc.a(_arm_cmpdf2.o)
__aeabi_dcmplt                                    c:/program files (x86)/atmel/studio/7.0/toolchain/arm/arm-gnu-toolchain/bin/../lib/gcc/arm-none-eabi/6.2.1/thumb/v6-m\libgcc.a(_arm_cmpdf2.o)
__aeabi_ddiv                                      c:/program files (x86)/atmel/studio/7.0/toolchain/arm/arm-gnu-toolchain/bin/../lib/gcc/arm-none-eabi/6.2.1/thumb/v6-m\libgcc.a(divdf3.o)
                                                  src/main.o
__aeabi_dmul                                      c:/program files (x86)/atmel/studio/7.0/toolchain/arm/arm-gnu-toolchain/bin/../lib/gcc/arm-none-eabi/6.2.1/thumb/v6-m\libgcc.a(muldf3.o)
                                                  src/main.o
__aeabi_dsub                                      c:/program files (x86)/atmel/studio/7.0/toolchain/arm/arm-gnu-toolchain/bin/../lib/gcc/arm-none-eabi/6.2.1/thumb/v6-m\libgcc.a(subdf3.o)
                                                  c:/program files (x86)/atmel/studio/7.0/toolchain/arm/arm-gnu-toolchain/bin/../lib/gcc/arm-none-eabi/6.2.1/thumb/v6-m\libgcc.a(_fixunsdfsi.o)
__aeabi_f2iz                                      c:/program files (x86)/atmel/studio/7.0/toolchain/arm/arm-gnu-toolchain/bin/../lib/gcc/arm-none-eabi/6.2.1/thumb/v6-m\libgcc.a(fixsfsi.o)
                                                  c:/program files (x86)/atmel/studio/7.0/toolchain/arm/arm-gnu-toolchain/bin/../lib/gcc/arm-none-eabi/6.2.1/thumb/v6-m\libgcc.a(_fixunssfsi.o)
__aeabi_f2uiz                                     c:/program files (x86)/atmel/studio/7.0/toolchain/arm/arm-gnu-toolchain/bin/../lib/gcc/arm-none-eabi/6.2.1/thumb/v6-m\libgcc.a(_fixunssfsi.o)
                                                  src/main.o
__aeabi_fcmpeq                                    c:/program files (x86)/atmel/studio/7.0/toolchain/arm/arm-gnu-toolchain/bin/../lib/gcc/arm-none-eabi/6.2.1/thumb/v6-m\libgcc.a(_arm_cmpsf2.o)
__aeabi_fcmpge                                    c:/program files (x86)/atmel/studio/7.0/toolchain/arm/arm-gnu-toolchain/bin/../lib/gcc/arm-none-eabi/6.2.1/thumb/v6-m\libgcc.a(_arm_cmpsf2.o)
                                                  c:/program files (x86)/atmel/studio/7.0/toolchain/arm/arm-gnu-toolchain/bin/../lib/gcc/arm-none-eabi/6.2.1/thumb/v6-m\libgcc.a(_fixunssfsi.o)
__aeabi_fcmpgt                                    c:/program files (x86)/atmel/studio/7.0/toolchain/arm/arm-gnu-toolchain/bin/../lib/gcc/arm-none-eabi/6.2.1/thumb/v6-m\libgcc.a(_arm_cmpsf2.o)
__aeabi_fcmple                                    c:/program files (x86)/atmel/studio/7.0/toolchain/arm/arm-gnu-toolchain/bin/../lib/gcc/arm-none-eabi/6.2.1/thumb/v6-m\libgcc.a(_arm_cmpsf2.o)
__aeabi_fcmplt                                    c:/program files (x86)/atmel/studio/7.0/toolchain/arm/arm-gnu-toolchain/bin/../lib/gcc/arm-none-eabi/6.2.1/thumb/v6-m\libgcc.a(_arm_cmpsf2.o)
__aeabi_fmul                                      c:/program files (x86)/atmel/studio/7.0/toolchain/arm/arm-gnu-toolchain/bin/../lib/gcc/arm-none-eabi/6.2.1/thumb/v6-m\libgcc.a(mulsf3.o)
                                                  src/main.o